> Task :compileJava UP-TO-DATE
> Task :processResources UP-TO-DATE
> Task :classes UP-TO-DATE
> Task :resolveMainClassName UP-TO-DATE

> Task :bootRun

  .   ____          _            __ _ _
 /\\ / ___'_ __ _ _(_)_ __  __ _ \ \ \ \
( ( )\___ | '_ | '_| | '_ \/ _` | \ \ \ \
 \\/  ___)| |_)| | | | | || (_| |  ) ) ) )
  '  |____| .__|_| |_|_| |_\__, | / / / /
 =========|_|==============|___/=/_/_/_/

 :: Spring Boot ::               (v3.5.16)

2026-07-29T14:33:57.710+09:00  INFO 96162 --- [feldbuch] [  restartedMain] i.g.kaltz.feldbuch.FeldbuchApplication   : Starting FeldbuchApplication using Java 21.0.4 with PID 96162 (/Users/kaltz/Documents/프로젝트/feldbuch/build/classes/java/main started by kaltz in /Users/kaltz/Documents/프로젝트/feldbuch)
2026-07-29T14:33:57.711+09:00 DEBUG 96162 --- [feldbuch] [  restartedMain] i.g.kaltz.feldbuch.FeldbuchApplication   : Running with Spring Boot v3.5.16, Spring v6.2.19
2026-07-29T14:33:57.711+09:00  INFO 96162 --- [feldbuch] [  restartedMain] i.g.kaltz.feldbuch.FeldbuchApplication   : The following 1 profile is active: "local"
2026-07-29T14:33:57.729+09:00  INFO 96162 --- [feldbuch] [  restartedMain] .e.DevToolsPropertyDefaultsPostProcessor : Devtools property defaults active! Set 'spring.devtools.add-properties' to 'false' to disable
2026-07-29T14:33:57.729+09:00  INFO 96162 --- [feldbuch] [  restartedMain] .e.DevToolsPropertyDefaultsPostProcessor : For additional web related logging consider setting the 'logging.level.web' property to 'DEBUG'
2026-07-29T14:33:58.007+09:00  INFO 96162 --- [feldbuch] [  restartedMain] .s.d.r.c.RepositoryConfigurationDelegate : Multiple Spring Data modules found, entering strict repository configuration mode
2026-07-29T14:33:58.007+09:00  INFO 96162 --- [feldbuch] [  restartedMain] .s.d.r.c.RepositoryConfigurationDelegate : Bootstrapping Spring Data JPA repositories in DEFAULT mode.
2026-07-29T14:33:58.067+09:00  INFO 96162 --- [feldbuch] [  restartedMain] .s.d.r.c.RepositoryConfigurationDelegate : Finished Spring Data repository scanning in 56 ms. Found 5 JPA repository interfaces.
2026-07-29T14:33:58.074+09:00  INFO 96162 --- [feldbuch] [  restartedMain] .s.d.r.c.RepositoryConfigurationDelegate : Multiple Spring Data modules found, entering strict repository configuration mode
2026-07-29T14:33:58.074+09:00  INFO 96162 --- [feldbuch] [  restartedMain] .s.d.r.c.RepositoryConfigurationDelegate : Bootstrapping Spring Data Redis repositories in DEFAULT mode.
2026-07-29T14:33:58.082+09:00  INFO 96162 --- [feldbuch] [  restartedMain] .RepositoryConfigurationExtensionSupport : Spring Data Redis - Could not safely identify store assignment for repository candidate interface io.github.kaltz.feldbuch.ai.job.repository.AiJobRepository; If you want this repository to be a Redis repository, consider annotating your entities with one of these annotations: org.springframework.data.redis.core.RedisHash (preferred), or consider extending one of the following types with your repository: org.springframework.data.keyvalue.repository.KeyValueRepository
2026-07-29T14:33:58.082+09:00  INFO 96162 --- [feldbuch] [  restartedMain] .RepositoryConfigurationExtensionSupport : Spring Data Redis - Could not safely identify store assignment for repository candidate interface io.github.kaltz.feldbuch.conversation.repository.ConversationMessageRepository; If you want this repository to be a Redis repository, consider annotating your entities with one of these annotations: org.springframework.data.redis.core.RedisHash (preferred), or consider extending one of the following types with your repository: org.springframework.data.keyvalue.repository.KeyValueRepository
2026-07-29T14:33:58.082+09:00  INFO 96162 --- [feldbuch] [  restartedMain] .RepositoryConfigurationExtensionSupport : Spring Data Redis - Could not safely identify store assignment for repository candidate interface io.github.kaltz.feldbuch.conversation.repository.ConversationRepository; If you want this repository to be a Redis repository, consider annotating your entities with one of these annotations: org.springframework.data.redis.core.RedisHash (preferred), or consider extending one of the following types with your repository: org.springframework.data.keyvalue.repository.KeyValueRepository
2026-07-29T14:33:58.082+09:00  INFO 96162 --- [feldbuch] [  restartedMain] .RepositoryConfigurationExtensionSupport : Spring Data Redis - Could not safely identify store assignment for repository candidate interface io.github.kaltz.feldbuch.note.repository.NoteRepository; If you want this repository to be a Redis repository, consider annotating your entities with one of these annotations: org.springframework.data.redis.core.RedisHash (preferred), or consider extending one of the following types with your repository: org.springframework.data.keyvalue.repository.KeyValueRepository
2026-07-29T14:33:58.083+09:00  INFO 96162 --- [feldbuch] [  restartedMain] .RepositoryConfigurationExtensionSupport : Spring Data Redis - Could not safely identify store assignment for repository candidate interface io.github.kaltz.feldbuch.user.repository.UserRepository; If you want this repository to be a Redis repository, consider annotating your entities with one of these annotations: org.springframework.data.redis.core.RedisHash (preferred), or consider extending one of the following types with your repository: org.springframework.data.keyvalue.repository.KeyValueRepository
2026-07-29T14:33:58.083+09:00  INFO 96162 --- [feldbuch] [  restartedMain] .s.d.r.c.RepositoryConfigurationDelegate : Finished Spring Data repository scanning in 5 ms. Found 0 Redis repository interfaces.
2026-07-29T14:33:58.312+09:00  INFO 96162 --- [feldbuch] [  restartedMain] o.s.b.w.embedded.tomcat.TomcatWebServer  : Tomcat initialized with port 8080 (http)
2026-07-29T14:33:58.322+09:00  INFO 96162 --- [feldbuch] [  restartedMain] o.apache.catalina.core.StandardService   : Starting service [Tomcat]
2026-07-29T14:33:58.322+09:00  INFO 96162 --- [feldbuch] [  restartedMain] o.apache.catalina.core.StandardEngine    : Starting Servlet engine: [Apache Tomcat/10.1.55]
2026-07-29T14:33:58.336+09:00  INFO 96162 --- [feldbuch] [  restartedMain] o.a.c.c.C.[Tomcat].[localhost].[/]       : Initializing Spring embedded WebApplicationContext
2026-07-29T14:33:58.337+09:00  INFO 96162 --- [feldbuch] [  restartedMain] w.s.c.ServletWebServerApplicationContext : Root WebApplicationContext: initialization completed in 606 ms
2026-07-29T14:33:58.400+09:00  INFO 96162 --- [feldbuch] [  restartedMain] com.zaxxer.hikari.HikariDataSource       : HikariPool-1 - Starting...
2026-07-29T14:33:58.522+09:00  INFO 96162 --- [feldbuch] [  restartedMain] com.zaxxer.hikari.pool.HikariPool        : HikariPool-1 - Added connection com.mysql.cj.jdbc.ConnectionImpl@3051a18a
2026-07-29T14:33:58.523+09:00  INFO 96162 --- [feldbuch] [  restartedMain] com.zaxxer.hikari.HikariDataSource       : HikariPool-1 - Start completed.
2026-07-29T14:33:58.780+09:00  INFO 96162 --- [feldbuch] [  restartedMain] p6spy                                    : #1785303238780 | took 249ms | statement | connection 1| url jdbc:mysql://localhost:3306/feldbuch
CREATE TABLE BATCH_JOB_INSTANCE ( JOB_INSTANCE_ID BIGINT NOT NULL PRIMARY KEY , VERSION BIGINT , JOB_NAME VARCHAR(100) NOT NULL, JOB_KEY VARCHAR(32) NOT NULL, constraint JOB_INST_UN unique (JOB_NAME, JOB_KEY) ) ENGINE=InnoDB
CREATE TABLE BATCH_JOB_INSTANCE ( JOB_INSTANCE_ID BIGINT NOT NULL PRIMARY KEY , VERSION BIGINT , JOB_NAME VARCHAR(100) NOT NULL, JOB_KEY VARCHAR(32) NOT NULL, constraint JOB_INST_UN unique (JOB_NAME, JOB_KEY) ) ENGINE=InnoDB;
2026-07-29T14:33:58.781+09:00  INFO 96162 --- [feldbuch] [  restartedMain] p6spy                                    : #1785303238781 | took 0ms | statement | connection 1| url jdbc:mysql://localhost:3306/feldbuch
CREATE TABLE BATCH_JOB_EXECUTION ( JOB_EXECUTION_ID BIGINT NOT NULL PRIMARY KEY , VERSION BIGINT , JOB_INSTANCE_ID BIGINT NOT NULL, CREATE_TIME DATETIME(6) NOT NULL, START_TIME DATETIME(6) DEFAULT NULL , END_TIME DATETIME(6) DEFAULT NULL , STATUS VARCHAR(10) , EXIT_CODE VARCHAR(2500) , EXIT_MESSAGE VARCHAR(2500) , LAST_UPDATED DATETIME(6), constraint JOB_INST_EXEC_FK foreign key (JOB_INSTANCE_ID) references BATCH_JOB_INSTANCE(JOB_INSTANCE_ID) ) ENGINE=InnoDB
CREATE TABLE BATCH_JOB_EXECUTION ( JOB_EXECUTION_ID BIGINT NOT NULL PRIMARY KEY , VERSION BIGINT , JOB_INSTANCE_ID BIGINT NOT NULL, CREATE_TIME DATETIME(6) NOT NULL, START_TIME DATETIME(6) DEFAULT NULL , END_TIME DATETIME(6) DEFAULT NULL , STATUS VARCHAR(10) , EXIT_CODE VARCHAR(2500) , EXIT_MESSAGE VARCHAR(2500) , LAST_UPDATED DATETIME(6), constraint JOB_INST_EXEC_FK foreign key (JOB_INSTANCE_ID) references BATCH_JOB_INSTANCE(JOB_INSTANCE_ID) ) ENGINE=InnoDB;
2026-07-29T14:33:58.782+09:00  INFO 96162 --- [feldbuch] [  restartedMain] p6spy                                    : #1785303238782 | took 0ms | statement | connection 1| url jdbc:mysql://localhost:3306/feldbuch
CREATE TABLE BATCH_JOB_EXECUTION_PARAMS ( JOB_EXECUTION_ID BIGINT NOT NULL , PARAMETER_NAME VARCHAR(100) NOT NULL , PARAMETER_TYPE VARCHAR(100) NOT NULL , PARAMETER_VALUE VARCHAR(2500) , IDENTIFYING CHAR(1) NOT NULL , constraint JOB_EXEC_PARAMS_FK foreign key (JOB_EXECUTION_ID) references BATCH_JOB_EXECUTION(JOB_EXECUTION_ID) ) ENGINE=InnoDB
CREATE TABLE BATCH_JOB_EXECUTION_PARAMS ( JOB_EXECUTION_ID BIGINT NOT NULL , PARAMETER_NAME VARCHAR(100) NOT NULL , PARAMETER_TYPE VARCHAR(100) NOT NULL , PARAMETER_VALUE VARCHAR(2500) , IDENTIFYING CHAR(1) NOT NULL , constraint JOB_EXEC_PARAMS_FK foreign key (JOB_EXECUTION_ID) references BATCH_JOB_EXECUTION(JOB_EXECUTION_ID) ) ENGINE=InnoDB;
2026-07-29T14:33:58.783+09:00  INFO 96162 --- [feldbuch] [  restartedMain] p6spy                                    : #1785303238783 | took 0ms | statement | connection 1| url jdbc:mysql://localhost:3306/feldbuch
CREATE TABLE BATCH_STEP_EXECUTION ( STEP_EXECUTION_ID BIGINT NOT NULL PRIMARY KEY , VERSION BIGINT NOT NULL, STEP_NAME VARCHAR(100) NOT NULL, JOB_EXECUTION_ID BIGINT NOT NULL, CREATE_TIME DATETIME(6) NOT NULL, START_TIME DATETIME(6) DEFAULT NULL , END_TIME DATETIME(6) DEFAULT NULL , STATUS VARCHAR(10) , COMMIT_COUNT BIGINT , READ_COUNT BIGINT , FILTER_COUNT BIGINT , WRITE_COUNT BIGINT , READ_SKIP_COUNT BIGINT , WRITE_SKIP_COUNT BIGINT , PROCESS_SKIP_COUNT BIGINT , ROLLBACK_COUNT BIGINT , EXIT_CODE VARCHAR(2500) , EXIT_MESSAGE VARCHAR(2500) , LAST_UPDATED DATETIME(6), constraint JOB_EXEC_STEP_FK foreign key (JOB_EXECUTION_ID) references BATCH_JOB_EXECUTION(JOB_EXECUTION_ID) ) ENGINE=InnoDB
CREATE TABLE BATCH_STEP_EXECUTION ( STEP_EXECUTION_ID BIGINT NOT NULL PRIMARY KEY , VERSION BIGINT NOT NULL, STEP_NAME VARCHAR(100) NOT NULL, JOB_EXECUTION_ID BIGINT NOT NULL, CREATE_TIME DATETIME(6) NOT NULL, START_TIME DATETIME(6) DEFAULT NULL , END_TIME DATETIME(6) DEFAULT NULL , STATUS VARCHAR(10) , COMMIT_COUNT BIGINT , READ_COUNT BIGINT , FILTER_COUNT BIGINT , WRITE_COUNT BIGINT , READ_SKIP_COUNT BIGINT , WRITE_SKIP_COUNT BIGINT , PROCESS_SKIP_COUNT BIGINT , ROLLBACK_COUNT BIGINT , EXIT_CODE VARCHAR(2500) , EXIT_MESSAGE VARCHAR(2500) , LAST_UPDATED DATETIME(6), constraint JOB_EXEC_STEP_FK foreign key (JOB_EXECUTION_ID) references BATCH_JOB_EXECUTION(JOB_EXECUTION_ID) ) ENGINE=InnoDB;
2026-07-29T14:33:58.783+09:00  INFO 96162 --- [feldbuch] [  restartedMain] p6spy                                    : #1785303238783 | took 0ms | statement | connection 1| url jdbc:mysql://localhost:3306/feldbuch
CREATE TABLE BATCH_STEP_EXECUTION_CONTEXT ( STEP_EXECUTION_ID BIGINT NOT NULL PRIMARY KEY, SHORT_CONTEXT VARCHAR(2500) NOT NULL, SERIALIZED_CONTEXT TEXT , constraint STEP_EXEC_CTX_FK foreign key (STEP_EXECUTION_ID) references BATCH_STEP_EXECUTION(STEP_EXECUTION_ID) ) ENGINE=InnoDB
CREATE TABLE BATCH_STEP_EXECUTION_CONTEXT ( STEP_EXECUTION_ID BIGINT NOT NULL PRIMARY KEY, SHORT_CONTEXT VARCHAR(2500) NOT NULL, SERIALIZED_CONTEXT TEXT , constraint STEP_EXEC_CTX_FK foreign key (STEP_EXECUTION_ID) references BATCH_STEP_EXECUTION(STEP_EXECUTION_ID) ) ENGINE=InnoDB;
2026-07-29T14:33:58.784+09:00  INFO 96162 --- [feldbuch] [  restartedMain] p6spy                                    : #1785303238784 | took 0ms | statement | connection 1| url jdbc:mysql://localhost:3306/feldbuch
CREATE TABLE BATCH_JOB_EXECUTION_CONTEXT ( JOB_EXECUTION_ID BIGINT NOT NULL PRIMARY KEY, SHORT_CONTEXT VARCHAR(2500) NOT NULL, SERIALIZED_CONTEXT TEXT , constraint JOB_EXEC_CTX_FK foreign key (JOB_EXECUTION_ID) references BATCH_JOB_EXECUTION(JOB_EXECUTION_ID) ) ENGINE=InnoDB
CREATE TABLE BATCH_JOB_EXECUTION_CONTEXT ( JOB_EXECUTION_ID BIGINT NOT NULL PRIMARY KEY, SHORT_CONTEXT VARCHAR(2500) NOT NULL, SERIALIZED_CONTEXT TEXT , constraint JOB_EXEC_CTX_FK foreign key (JOB_EXECUTION_ID) references BATCH_JOB_EXECUTION(JOB_EXECUTION_ID) ) ENGINE=InnoDB;
2026-07-29T14:33:58.784+09:00  INFO 96162 --- [feldbuch] [  restartedMain] p6spy                                    : #1785303238784 | took 0ms | statement | connection 1| url jdbc:mysql://localhost:3306/feldbuch
CREATE TABLE BATCH_STEP_EXECUTION_SEQ ( ID BIGINT NOT NULL, UNIQUE_KEY CHAR(1) NOT NULL, constraint UNIQUE_KEY_UN unique (UNIQUE_KEY) ) ENGINE=InnoDB
CREATE TABLE BATCH_STEP_EXECUTION_SEQ ( ID BIGINT NOT NULL, UNIQUE_KEY CHAR(1) NOT NULL, constraint UNIQUE_KEY_UN unique (UNIQUE_KEY) ) ENGINE=InnoDB;
2026-07-29T14:33:58.785+09:00  INFO 96162 --- [feldbuch] [  restartedMain] p6spy                                    : #1785303238785 | took 0ms | statement | connection 1| url jdbc:mysql://localhost:3306/feldbuch
INSERT INTO BATCH_STEP_EXECUTION_SEQ (ID, UNIQUE_KEY) select * from (select 0 as ID, '0' as UNIQUE_KEY) as tmp where not exists(select * from BATCH_STEP_EXECUTION_SEQ)
INSERT INTO BATCH_STEP_EXECUTION_SEQ (ID, UNIQUE_KEY) select * from (select 0 as ID, '0' as UNIQUE_KEY) as tmp where not exists(select * from BATCH_STEP_EXECUTION_SEQ);
2026-07-29T14:33:58.786+09:00  INFO 96162 --- [feldbuch] [  restartedMain] p6spy                                    : #1785303238786 | took 0ms | statement | connection 1| url jdbc:mysql://localhost:3306/feldbuch
CREATE TABLE BATCH_JOB_EXECUTION_SEQ ( ID BIGINT NOT NULL, UNIQUE_KEY CHAR(1) NOT NULL, constraint UNIQUE_KEY_UN unique (UNIQUE_KEY) ) ENGINE=InnoDB
CREATE TABLE BATCH_JOB_EXECUTION_SEQ ( ID BIGINT NOT NULL, UNIQUE_KEY CHAR(1) NOT NULL, constraint UNIQUE_KEY_UN unique (UNIQUE_KEY) ) ENGINE=InnoDB;
2026-07-29T14:33:58.787+09:00  INFO 96162 --- [feldbuch] [  restartedMain] p6spy                                    : #1785303238787 | took 0ms | statement | connection 1| url jdbc:mysql://localhost:3306/feldbuch
INSERT INTO BATCH_JOB_EXECUTION_SEQ (ID, UNIQUE_KEY) select * from (select 0 as ID, '0' as UNIQUE_KEY) as tmp where not exists(select * from BATCH_JOB_EXECUTION_SEQ)
INSERT INTO BATCH_JOB_EXECUTION_SEQ (ID, UNIQUE_KEY) select * from (select 0 as ID, '0' as UNIQUE_KEY) as tmp where not exists(select * from BATCH_JOB_EXECUTION_SEQ);
2026-07-29T14:33:58.788+09:00  INFO 96162 --- [feldbuch] [  restartedMain] p6spy                                    : #1785303238788 | took 0ms | statement | connection 1| url jdbc:mysql://localhost:3306/feldbuch
CREATE TABLE BATCH_JOB_SEQ ( ID BIGINT NOT NULL, UNIQUE_KEY CHAR(1) NOT NULL, constraint UNIQUE_KEY_UN unique (UNIQUE_KEY) ) ENGINE=InnoDB
CREATE TABLE BATCH_JOB_SEQ ( ID BIGINT NOT NULL, UNIQUE_KEY CHAR(1) NOT NULL, constraint UNIQUE_KEY_UN unique (UNIQUE_KEY) ) ENGINE=InnoDB;
2026-07-29T14:33:58.789+09:00  INFO 96162 --- [feldbuch] [  restartedMain] p6spy                                    : #1785303238789 | took 0ms | statement | connection 1| url jdbc:mysql://localhost:3306/feldbuch
INSERT INTO BATCH_JOB_SEQ (ID, UNIQUE_KEY) select * from (select 0 as ID, '0' as UNIQUE_KEY) as tmp where not exists(select * from BATCH_JOB_SEQ)
INSERT INTO BATCH_JOB_SEQ (ID, UNIQUE_KEY) select * from (select 0 as ID, '0' as UNIQUE_KEY) as tmp where not exists(select * from BATCH_JOB_SEQ);
2026-07-29T14:33:58.814+09:00  INFO 96162 --- [feldbuch] [  restartedMain] o.hibernate.jpa.internal.util.LogHelper  : HHH000204: Processing PersistenceUnitInfo [name: default]
2026-07-29T14:33:58.832+09:00  INFO 96162 --- [feldbuch] [  restartedMain] org.hibernate.Version                    : HHH000412: Hibernate ORM core version 6.6.53.Final
2026-07-29T14:33:58.842+09:00  INFO 96162 --- [feldbuch] [  restartedMain] o.h.c.internal.RegionFactoryInitiator    : HHH000026: Second-level cache disabled
2026-07-29T14:33:58.924+09:00  INFO 96162 --- [feldbuch] [  restartedMain] o.s.o.j.p.SpringPersistenceUnitInfo      : No LoadTimeWeaver setup: ignoring JPA class transformer
2026-07-29T14:33:58.958+09:00  INFO 96162 --- [feldbuch] [  restartedMain] org.hibernate.orm.connections.pooling    : HHH10001005: Database info:
	Database JDBC URL [Connecting through datasource 'p6SpyDataSourceDecorator [com.p6spy.engine.spy.P6DataSource] -> dataSource [com.zaxxer.hikari.HikariDataSource]']
	Database driver: undefined/unknown
	Database version: 9.0.1
	Autocommit mode: undefined/unknown
	Isolation level: undefined/unknown
	Minimum pool size: undefined/unknown
	Maximum pool size: undefined/unknown
2026-07-29T14:33:59.266+09:00  INFO 96162 --- [feldbuch] [  restartedMain] o.h.e.t.j.p.i.JtaPlatformInitiator       : HHH000489: No JTA platform available (set 'hibernate.transaction.jta.platform' to enable JTA platform integration)
2026-07-29T14:33:59.296+09:00  INFO 96162 --- [feldbuch] [  restartedMain] p6spy                                    : #1785303239296 | took 6ms | statement | connection 3| url jdbc:mysql://localhost:3306/feldbuch
alter table conversation_messages modify column role enum ('ASSISTANT','USER') not null
alter table conversation_messages modify column role enum ('ASSISTANT','USER') not null;
2026-07-29T14:33:59.303+09:00  INFO 96162 --- [feldbuch] [  restartedMain] p6spy                                    : #1785303239303 | took 6ms | statement | connection 3| url jdbc:mysql://localhost:3306/feldbuch
alter table notes modify column category enum ('AI','ENVIRONMENT','ERROR','MEMO','STUDY') not null
alter table notes modify column category enum ('AI','ENVIRONMENT','ERROR','MEMO','STUDY') not null;
2026-07-29T14:33:59.308+09:00  INFO 96162 --- [feldbuch] [  restartedMain] p6spy                                    : #1785303239308 | took 4ms | statement | connection 3| url jdbc:mysql://localhost:3306/feldbuch
alter table notes modify column study_status enum ('DONE','IN_PROGRESS','TODO') not null
alter table notes modify column study_status enum ('DONE','IN_PROGRESS','TODO') not null;
2026-07-29T14:33:59.313+09:00  INFO 96162 --- [feldbuch] [  restartedMain] p6spy                                    : #1785303239313 | took 4ms | statement | connection 3| url jdbc:mysql://localhost:3306/feldbuch
alter table notes modify column summary_status enum ('COMPLETED','FAILED','NONE','PENDING') not null
alter table notes modify column summary_status enum ('COMPLETED','FAILED','NONE','PENDING') not null;
2026-07-29T14:33:59.322+09:00  INFO 96162 --- [feldbuch] [  restartedMain] p6spy                                    : #1785303239322 | took 8ms | statement | connection 3| url jdbc:mysql://localhost:3306/feldbuch
alter table users modify column role enum ('ADMIN','USER') not null
alter table users modify column role enum ('ADMIN','USER') not null;
2026-07-29T14:33:59.331+09:00  INFO 96162 --- [feldbuch] [  restartedMain] p6spy                                    : #1785303239331 | took 1ms | statement | connection 3| url jdbc:mysql://localhost:3306/feldbuch
select * from `feldbuch`.`conversations` where 1=0
select * from `feldbuch`.`conversations` where 1=0;
2026-07-29T14:33:59.336+09:00  INFO 96162 --- [feldbuch] [  restartedMain] p6spy                                    : #1785303239336 | took 0ms | statement | connection 3| url jdbc:mysql://localhost:3306/feldbuch
select * from `feldbuch`.`users` where 1=0
select * from `feldbuch`.`users` where 1=0;
2026-07-29T14:33:59.340+09:00  INFO 96162 --- [feldbuch] [  restartedMain] p6spy                                    : #1785303239340 | took 0ms | statement | connection 3| url jdbc:mysql://localhost:3306/feldbuch
select * from `feldbuch`.`users` where 1=0
select * from `feldbuch`.`users` where 1=0;
2026-07-29T14:33:59.341+09:00  INFO 96162 --- [feldbuch] [  restartedMain] j.LocalContainerEntityManagerFactoryBean : Initialized JPA EntityManagerFactory for persistence unit 'default'
2026-07-29T14:33:59.454+09:00 DEBUG 96162 --- [feldbuch] [  restartedMain] i.g.k.f.a.jwt.JwtAuthenticationFilter    : Filter 'jwtAuthenticationFilter' configured for use
2026-07-29T14:33:59.552+09:00  INFO 96162 --- [feldbuch] [  restartedMain] eAuthenticationProviderManagerConfigurer : Global AuthenticationManager configured with AuthenticationProvider bean with name authenticationProvider
2026-07-29T14:33:59.553+09:00  WARN 96162 --- [feldbuch] [  restartedMain] r$InitializeUserDetailsManagerConfigurer : Global AuthenticationManager configured with an AuthenticationProvider bean. UserDetailsService beans will not be used by Spring Security for automatically configuring username/password login. Consider removing the AuthenticationProvider bean. Alternatively, consider using the UserDetailsService in a manually instantiated DaoAuthenticationProvider. If the current configuration is intentional, to turn off this warning, increase the logging level of 'org.springframework.security.config.annotation.authentication.configuration.InitializeUserDetailsBeanManagerConfigurer' to ERROR
2026-07-29T14:33:59.701+09:00  WARN 96162 --- [feldbuch] [  restartedMain] JpaBaseConfiguration$JpaWebConfiguration : spring.jpa.open-in-view is enabled by default. Therefore, database queries may be performed during view rendering. Explicitly configure spring.jpa.open-in-view to disable this warning
2026-07-29T14:33:59.755+09:00 DEBUG 96162 --- [feldbuch] [  restartedMain] s.w.s.m.m.a.RequestMappingHandlerMapping : 25 mappings in 'requestMappingHandlerMapping'
2026-07-29T14:33:59.790+09:00 DEBUG 96162 --- [feldbuch] [  restartedMain] o.s.w.s.handler.SimpleUrlHandlerMapping  : Patterns [/webjars/**, /**] in 'resourceHandlerMapping'
2026-07-29T14:33:59.805+09:00 DEBUG 96162 --- [feldbuch] [  restartedMain] o.s.s.web.DefaultSecurityFilterChain     : Will secure any request with filters: DisableEncodeUrlFilter, WebAsyncManagerIntegrationFilter, SecurityContextHolderFilter, HeaderWriterFilter, CorsFilter, LogoutFilter, JwtAuthenticationFilter, RequestCacheAwareFilter, SecurityContextHolderAwareRequestFilter, AnonymousAuthenticationFilter, SessionManagementFilter, ExceptionTranslationFilter, AuthorizationFilter
2026-07-29T14:33:59.826+09:00 DEBUG 96162 --- [feldbuch] [  restartedMain] s.w.s.m.m.a.RequestMappingHandlerAdapter : ControllerAdvice beans: 0 @ModelAttribute, 0 @InitBinder, 1 RequestBodyAdvice, 1 ResponseBodyAdvice
2026-07-29T14:33:59.852+09:00 DEBUG 96162 --- [feldbuch] [  restartedMain] .m.m.a.ExceptionHandlerExceptionResolver : ControllerAdvice beans: 1 @ExceptionHandler, 1 ResponseBodyAdvice
2026-07-29T14:33:59.918+09:00  INFO 96162 --- [feldbuch] [  restartedMain] o.s.b.d.a.OptionalLiveReloadServer       : LiveReload server is running on port 35729
2026-07-29T14:33:59.928+09:00  INFO 96162 --- [feldbuch] [  restartedMain] o.s.b.w.embedded.tomcat.TomcatWebServer  : Tomcat started on port 8080 (http) with context path '/'
2026-07-29T14:33:59.932+09:00  INFO 96162 --- [feldbuch] [  restartedMain] i.g.kaltz.feldbuch.FeldbuchApplication   : Started FeldbuchApplication in 2.371 seconds (process running for 2.521)
2026-07-29T14:33:59.933+09:00  INFO 96162 --- [feldbuch] [  restartedMain] o.s.b.a.b.JobLauncherApplicationRunner   : Running default command line with: []
2026-07-29T14:33:59.938+09:00  INFO 96162 --- [feldbuch] [  restartedMain] p6spy                                    : #1785303239938 | took 0ms | statement | connection 5| url jdbc:mysql://localhost:3306/feldbuch
SELECT JOB_INSTANCE_ID, JOB_NAME
FROM BATCH_JOB_INSTANCE
WHERE JOB_NAME = ?
 AND JOB_KEY = ?
SELECT JOB_INSTANCE_ID, JOB_NAME
FROM BATCH_JOB_INSTANCE
WHERE JOB_NAME = 'summaryJob'
 AND JOB_KEY = 'd41d8cd98f00b204e9800998ecf8427e';
2026-07-29T14:33:59.939+09:00  INFO 96162 --- [feldbuch] [  restartedMain] p6spy                                    : #1785303239939 | took 0ms | commit | connection 5| url jdbc:mysql://localhost:3306/feldbuch

;
2026-07-29T14:33:59.941+09:00  INFO 96162 --- [feldbuch] [  restartedMain] p6spy                                    : #1785303239941 | took 0ms | statement | connection 6| url jdbc:mysql://localhost:3306/feldbuch
SELECT JOB_INSTANCE_ID, JOB_NAME
FROM BATCH_JOB_INSTANCE
WHERE JOB_NAME = ?
 AND JOB_KEY = ?
SELECT JOB_INSTANCE_ID, JOB_NAME
FROM BATCH_JOB_INSTANCE
WHERE JOB_NAME = 'summaryJob'
 AND JOB_KEY = 'd41d8cd98f00b204e9800998ecf8427e';
2026-07-29T14:33:59.942+09:00  INFO 96162 --- [feldbuch] [  restartedMain] p6spy                                    : #1785303239942 | took 0ms | statement | connection 6| url jdbc:mysql://localhost:3306/feldbuch
SELECT JOB_EXECUTION_ID, START_TIME, END_TIME, STATUS, EXIT_CODE, EXIT_MESSAGE, CREATE_TIME, LAST_UPDATED, VERSION
FROM BATCH_JOB_EXECUTION
 WHERE JOB_INSTANCE_ID = ? AND JOB_EXECUTION_ID IN (SELECT MAX(JOB_EXECUTION_ID) FROM BATCH_JOB_EXECUTION E2 WHERE E2.JOB_INSTANCE_ID = ?)
SELECT JOB_EXECUTION_ID, START_TIME, END_TIME, STATUS, EXIT_CODE, EXIT_MESSAGE, CREATE_TIME, LAST_UPDATED, VERSION
FROM BATCH_JOB_EXECUTION
 WHERE JOB_INSTANCE_ID = 1 AND JOB_EXECUTION_ID IN (SELECT MAX(JOB_EXECUTION_ID) FROM BATCH_JOB_EXECUTION E2 WHERE E2.JOB_INSTANCE_ID = 1);
2026-07-29T14:33:59.942+09:00  INFO 96162 --- [feldbuch] [  restartedMain] p6spy                                    : #1785303239942 | took 0ms | statement | connection 6| url jdbc:mysql://localhost:3306/feldbuch
SELECT JOB_EXECUTION_ID, PARAMETER_NAME, PARAMETER_TYPE, PARAMETER_VALUE, IDENTIFYING
FROM BATCH_JOB_EXECUTION_PARAMS
WHERE JOB_EXECUTION_ID = ?

SELECT JOB_EXECUTION_ID, PARAMETER_NAME, PARAMETER_TYPE, PARAMETER_VALUE, IDENTIFYING
FROM BATCH_JOB_EXECUTION_PARAMS
WHERE JOB_EXECUTION_ID = 54
;
2026-07-29T14:33:59.944+09:00  INFO 96162 --- [feldbuch] [  restartedMain] p6spy                                    : #1785303239944 | took 0ms | statement | connection 6| url jdbc:mysql://localhost:3306/feldbuch
SELECT SHORT_CONTEXT, SERIALIZED_CONTEXT
FROM BATCH_JOB_EXECUTION_CONTEXT
WHERE JOB_EXECUTION_ID = ?

SELECT SHORT_CONTEXT, SERIALIZED_CONTEXT
FROM BATCH_JOB_EXECUTION_CONTEXT
WHERE JOB_EXECUTION_ID = 54
;
2026-07-29T14:33:59.947+09:00  INFO 96162 --- [feldbuch] [  restartedMain] p6spy                                    : #1785303239947 | took 0ms | statement | connection 6| url jdbc:mysql://localhost:3306/feldbuch
SELECT STEP_EXECUTION_ID, STEP_NAME, START_TIME, END_TIME, STATUS, COMMIT_COUNT, READ_COUNT, FILTER_COUNT, WRITE_COUNT, EXIT_CODE, EXIT_MESSAGE, READ_SKIP_COUNT, WRITE_SKIP_COUNT, PROCESS_SKIP_COUNT, ROLLBACK_COUNT, LAST_UPDATED, VERSION, CREATE_TIME
FROM BATCH_STEP_EXECUTION
 WHERE JOB_EXECUTION_ID = ? ORDER BY STEP_EXECUTION_ID
SELECT STEP_EXECUTION_ID, STEP_NAME, START_TIME, END_TIME, STATUS, COMMIT_COUNT, READ_COUNT, FILTER_COUNT, WRITE_COUNT, EXIT_CODE, EXIT_MESSAGE, READ_SKIP_COUNT, WRITE_SKIP_COUNT, PROCESS_SKIP_COUNT, ROLLBACK_COUNT, LAST_UPDATED, VERSION, CREATE_TIME
FROM BATCH_STEP_EXECUTION
 WHERE JOB_EXECUTION_ID = 54 ORDER BY STEP_EXECUTION_ID;
2026-07-29T14:33:59.948+09:00  INFO 96162 --- [feldbuch] [  restartedMain] p6spy                                    : #1785303239948 | took 0ms | commit | connection 6| url jdbc:mysql://localhost:3306/feldbuch

;
2026-07-29T14:33:59.950+09:00  INFO 96162 --- [feldbuch] [  restartedMain] p6spy                                    : #1785303239950 | took 0ms | statement | connection 7| url jdbc:mysql://localhost:3306/feldbuch
SELECT JOB_INSTANCE_ID, JOB_NAME
FROM BATCH_JOB_INSTANCE
WHERE JOB_NAME = ?
 AND JOB_KEY = ?
SELECT JOB_INSTANCE_ID, JOB_NAME
FROM BATCH_JOB_INSTANCE
WHERE JOB_NAME = 'summaryJob'
 AND JOB_KEY = 'd41d8cd98f00b204e9800998ecf8427e';
2026-07-29T14:33:59.950+09:00  INFO 96162 --- [feldbuch] [  restartedMain] p6spy                                    : #1785303239950 | took 0ms | statement | connection 7| url jdbc:mysql://localhost:3306/feldbuch
SELECT JOB_EXECUTION_ID, START_TIME, END_TIME, STATUS, EXIT_CODE, EXIT_MESSAGE, CREATE_TIME, LAST_UPDATED, VERSION
FROM BATCH_JOB_EXECUTION
 WHERE JOB_INSTANCE_ID = ? AND JOB_EXECUTION_ID IN (SELECT MAX(JOB_EXECUTION_ID) FROM BATCH_JOB_EXECUTION E2 WHERE E2.JOB_INSTANCE_ID = ?)
SELECT JOB_EXECUTION_ID, START_TIME, END_TIME, STATUS, EXIT_CODE, EXIT_MESSAGE, CREATE_TIME, LAST_UPDATED, VERSION
FROM BATCH_JOB_EXECUTION
 WHERE JOB_INSTANCE_ID = 1 AND JOB_EXECUTION_ID IN (SELECT MAX(JOB_EXECUTION_ID) FROM BATCH_JOB_EXECUTION E2 WHERE E2.JOB_INSTANCE_ID = 1);
2026-07-29T14:33:59.950+09:00  INFO 96162 --- [feldbuch] [  restartedMain] p6spy                                    : #1785303239950 | took 0ms | statement | connection 7| url jdbc:mysql://localhost:3306/feldbuch
SELECT JOB_EXECUTION_ID, PARAMETER_NAME, PARAMETER_TYPE, PARAMETER_VALUE, IDENTIFYING
FROM BATCH_JOB_EXECUTION_PARAMS
WHERE JOB_EXECUTION_ID = ?

SELECT JOB_EXECUTION_ID, PARAMETER_NAME, PARAMETER_TYPE, PARAMETER_VALUE, IDENTIFYING
FROM BATCH_JOB_EXECUTION_PARAMS
WHERE JOB_EXECUTION_ID = 54
;
2026-07-29T14:33:59.951+09:00  INFO 96162 --- [feldbuch] [  restartedMain] p6spy                                    : #1785303239951 | took 0ms | statement | connection 7| url jdbc:mysql://localhost:3306/feldbuch
SELECT SHORT_CONTEXT, SERIALIZED_CONTEXT
FROM BATCH_JOB_EXECUTION_CONTEXT
WHERE JOB_EXECUTION_ID = ?

SELECT SHORT_CONTEXT, SERIALIZED_CONTEXT
FROM BATCH_JOB_EXECUTION_CONTEXT
WHERE JOB_EXECUTION_ID = 54
;
2026-07-29T14:33:59.952+09:00  INFO 96162 --- [feldbuch] [  restartedMain] p6spy                                    : #1785303239952 | took 0ms | statement | connection 7| url jdbc:mysql://localhost:3306/feldbuch
SELECT STEP_EXECUTION_ID, STEP_NAME, START_TIME, END_TIME, STATUS, COMMIT_COUNT, READ_COUNT, FILTER_COUNT, WRITE_COUNT, EXIT_CODE, EXIT_MESSAGE, READ_SKIP_COUNT, WRITE_SKIP_COUNT, PROCESS_SKIP_COUNT, ROLLBACK_COUNT, LAST_UPDATED, VERSION, CREATE_TIME
FROM BATCH_STEP_EXECUTION
 WHERE JOB_EXECUTION_ID = ? ORDER BY STEP_EXECUTION_ID
SELECT STEP_EXECUTION_ID, STEP_NAME, START_TIME, END_TIME, STATUS, COMMIT_COUNT, READ_COUNT, FILTER_COUNT, WRITE_COUNT, EXIT_CODE, EXIT_MESSAGE, READ_SKIP_COUNT, WRITE_SKIP_COUNT, PROCESS_SKIP_COUNT, ROLLBACK_COUNT, LAST_UPDATED, VERSION, CREATE_TIME
FROM BATCH_STEP_EXECUTION
 WHERE JOB_EXECUTION_ID = 54 ORDER BY STEP_EXECUTION_ID;
2026-07-29T14:33:59.952+09:00  INFO 96162 --- [feldbuch] [  restartedMain] p6spy                                    : #1785303239952 | took 0ms | commit | connection 7| url jdbc:mysql://localhost:3306/feldbuch

;
2026-07-29T14:33:59.954+09:00  INFO 96162 --- [feldbuch] [  restartedMain] p6spy                                    : #1785303239954 | took 0ms | statement | connection 8| url jdbc:mysql://localhost:3306/feldbuch
SELECT JOB_INSTANCE_ID, JOB_NAME
FROM BATCH_JOB_INSTANCE
WHERE JOB_NAME = ?
 AND JOB_KEY = ?
SELECT JOB_INSTANCE_ID, JOB_NAME
FROM BATCH_JOB_INSTANCE
WHERE JOB_NAME = 'summaryJob'
 AND JOB_KEY = 'd41d8cd98f00b204e9800998ecf8427e';
2026-07-29T14:33:59.955+09:00  INFO 96162 --- [feldbuch] [  restartedMain] p6spy                                    : #1785303239955 | took 0ms | statement | connection 8| url jdbc:mysql://localhost:3306/feldbuch
SELECT JOB_EXECUTION_ID, START_TIME, END_TIME, STATUS, EXIT_CODE, EXIT_MESSAGE, CREATE_TIME, LAST_UPDATED, VERSION
FROM BATCH_JOB_EXECUTION
 WHERE JOB_INSTANCE_ID = ? ORDER BY JOB_EXECUTION_ID DESC
SELECT JOB_EXECUTION_ID, START_TIME, END_TIME, STATUS, EXIT_CODE, EXIT_MESSAGE, CREATE_TIME, LAST_UPDATED, VERSION
FROM BATCH_JOB_EXECUTION
 WHERE JOB_INSTANCE_ID = 1 ORDER BY JOB_EXECUTION_ID DESC;
2026-07-29T14:33:59.955+09:00  INFO 96162 --- [feldbuch] [  restartedMain] p6spy                                    : #1785303239955 | took 0ms | statement | connection 8| url jdbc:mysql://localhost:3306/feldbuch
SELECT JOB_EXECUTION_ID, PARAMETER_NAME, PARAMETER_TYPE, PARAMETER_VALUE, IDENTIFYING
FROM BATCH_JOB_EXECUTION_PARAMS
WHERE JOB_EXECUTION_ID = ?

SELECT JOB_EXECUTION_ID, PARAMETER_NAME, PARAMETER_TYPE, PARAMETER_VALUE, IDENTIFYING
FROM BATCH_JOB_EXECUTION_PARAMS
WHERE JOB_EXECUTION_ID = 54
;
2026-07-29T14:33:59.956+09:00  INFO 96162 --- [feldbuch] [  restartedMain] p6spy                                    : #1785303239956 | took 0ms | statement | connection 8| url jdbc:mysql://localhost:3306/feldbuch
SELECT JOB_EXECUTION_ID, PARAMETER_NAME, PARAMETER_TYPE, PARAMETER_VALUE, IDENTIFYING
FROM BATCH_JOB_EXECUTION_PARAMS
WHERE JOB_EXECUTION_ID = ?

SELECT JOB_EXECUTION_ID, PARAMETER_NAME, PARAMETER_TYPE, PARAMETER_VALUE, IDENTIFYING
FROM BATCH_JOB_EXECUTION_PARAMS
WHERE JOB_EXECUTION_ID = 53
;
2026-07-29T14:33:59.957+09:00  INFO 96162 --- [feldbuch] [  restartedMain] p6spy                                    : #1785303239957 | took 0ms | statement | connection 8| url jdbc:mysql://localhost:3306/feldbuch
SELECT JOB_EXECUTION_ID, PARAMETER_NAME, PARAMETER_TYPE, PARAMETER_VALUE, IDENTIFYING
FROM BATCH_JOB_EXECUTION_PARAMS
WHERE JOB_EXECUTION_ID = ?

SELECT JOB_EXECUTION_ID, PARAMETER_NAME, PARAMETER_TYPE, PARAMETER_VALUE, IDENTIFYING
FROM BATCH_JOB_EXECUTION_PARAMS
WHERE JOB_EXECUTION_ID = 52
;
2026-07-29T14:33:59.957+09:00  INFO 96162 --- [feldbuch] [  restartedMain] p6spy                                    : #1785303239957 | took 0ms | statement | connection 8| url jdbc:mysql://localhost:3306/feldbuch
SELECT JOB_EXECUTION_ID, PARAMETER_NAME, PARAMETER_TYPE, PARAMETER_VALUE, IDENTIFYING
FROM BATCH_JOB_EXECUTION_PARAMS
WHERE JOB_EXECUTION_ID = ?

SELECT JOB_EXECUTION_ID, PARAMETER_NAME, PARAMETER_TYPE, PARAMETER_VALUE, IDENTIFYING
FROM BATCH_JOB_EXECUTION_PARAMS
WHERE JOB_EXECUTION_ID = 51
;
2026-07-29T14:33:59.958+09:00  INFO 96162 --- [feldbuch] [  restartedMain] p6spy                                    : #1785303239958 | took 0ms | statement | connection 8| url jdbc:mysql://localhost:3306/feldbuch
SELECT JOB_EXECUTION_ID, PARAMETER_NAME, PARAMETER_TYPE, PARAMETER_VALUE, IDENTIFYING
FROM BATCH_JOB_EXECUTION_PARAMS
WHERE JOB_EXECUTION_ID = ?

SELECT JOB_EXECUTION_ID, PARAMETER_NAME, PARAMETER_TYPE, PARAMETER_VALUE, IDENTIFYING
FROM BATCH_JOB_EXECUTION_PARAMS
WHERE JOB_EXECUTION_ID = 50
;
2026-07-29T14:33:59.958+09:00  INFO 96162 --- [feldbuch] [  restartedMain] p6spy                                    : #1785303239958 | took 0ms | statement | connection 8| url jdbc:mysql://localhost:3306/feldbuch
SELECT JOB_EXECUTION_ID, PARAMETER_NAME, PARAMETER_TYPE, PARAMETER_VALUE, IDENTIFYING
FROM BATCH_JOB_EXECUTION_PARAMS
WHERE JOB_EXECUTION_ID = ?

SELECT JOB_EXECUTION_ID, PARAMETER_NAME, PARAMETER_TYPE, PARAMETER_VALUE, IDENTIFYING
FROM BATCH_JOB_EXECUTION_PARAMS
WHERE JOB_EXECUTION_ID = 49
;
2026-07-29T14:33:59.959+09:00  INFO 96162 --- [feldbuch] [  restartedMain] p6spy                                    : #1785303239959 | took 0ms | statement | connection 8| url jdbc:mysql://localhost:3306/feldbuch
SELECT JOB_EXECUTION_ID, PARAMETER_NAME, PARAMETER_TYPE, PARAMETER_VALUE, IDENTIFYING
FROM BATCH_JOB_EXECUTION_PARAMS
WHERE JOB_EXECUTION_ID = ?

SELECT JOB_EXECUTION_ID, PARAMETER_NAME, PARAMETER_TYPE, PARAMETER_VALUE, IDENTIFYING
FROM BATCH_JOB_EXECUTION_PARAMS
WHERE JOB_EXECUTION_ID = 48
;
2026-07-29T14:33:59.960+09:00  INFO 96162 --- [feldbuch] [  restartedMain] p6spy                                    : #1785303239960 | took 0ms | statement | connection 8| url jdbc:mysql://localhost:3306/feldbuch
SELECT JOB_EXECUTION_ID, PARAMETER_NAME, PARAMETER_TYPE, PARAMETER_VALUE, IDENTIFYING
FROM BATCH_JOB_EXECUTION_PARAMS
WHERE JOB_EXECUTION_ID = ?

SELECT JOB_EXECUTION_ID, PARAMETER_NAME, PARAMETER_TYPE, PARAMETER_VALUE, IDENTIFYING
FROM BATCH_JOB_EXECUTION_PARAMS
WHERE JOB_EXECUTION_ID = 47
;
2026-07-29T14:33:59.960+09:00  INFO 96162 --- [feldbuch] [  restartedMain] p6spy                                    : #1785303239960 | took 0ms | statement | connection 8| url jdbc:mysql://localhost:3306/feldbuch
SELECT JOB_EXECUTION_ID, PARAMETER_NAME, PARAMETER_TYPE, PARAMETER_VALUE, IDENTIFYING
FROM BATCH_JOB_EXECUTION_PARAMS
WHERE JOB_EXECUTION_ID = ?

SELECT JOB_EXECUTION_ID, PARAMETER_NAME, PARAMETER_TYPE, PARAMETER_VALUE, IDENTIFYING
FROM BATCH_JOB_EXECUTION_PARAMS
WHERE JOB_EXECUTION_ID = 46
;
2026-07-29T14:33:59.961+09:00  INFO 96162 --- [feldbuch] [  restartedMain] p6spy                                    : #1785303239961 | took 0ms | statement | connection 8| url jdbc:mysql://localhost:3306/feldbuch
SELECT JOB_EXECUTION_ID, PARAMETER_NAME, PARAMETER_TYPE, PARAMETER_VALUE, IDENTIFYING
FROM BATCH_JOB_EXECUTION_PARAMS
WHERE JOB_EXECUTION_ID = ?

SELECT JOB_EXECUTION_ID, PARAMETER_NAME, PARAMETER_TYPE, PARAMETER_VALUE, IDENTIFYING
FROM BATCH_JOB_EXECUTION_PARAMS
WHERE JOB_EXECUTION_ID = 45
;
2026-07-29T14:33:59.962+09:00  INFO 96162 --- [feldbuch] [  restartedMain] p6spy                                    : #1785303239962 | took 0ms | statement | connection 8| url jdbc:mysql://localhost:3306/feldbuch
SELECT JOB_EXECUTION_ID, PARAMETER_NAME, PARAMETER_TYPE, PARAMETER_VALUE, IDENTIFYING
FROM BATCH_JOB_EXECUTION_PARAMS
WHERE JOB_EXECUTION_ID = ?

SELECT JOB_EXECUTION_ID, PARAMETER_NAME, PARAMETER_TYPE, PARAMETER_VALUE, IDENTIFYING
FROM BATCH_JOB_EXECUTION_PARAMS
WHERE JOB_EXECUTION_ID = 44
;
2026-07-29T14:33:59.962+09:00  INFO 96162 --- [feldbuch] [  restartedMain] p6spy                                    : #1785303239962 | took 0ms | statement | connection 8| url jdbc:mysql://localhost:3306/feldbuch
SELECT JOB_EXECUTION_ID, PARAMETER_NAME, PARAMETER_TYPE, PARAMETER_VALUE, IDENTIFYING
FROM BATCH_JOB_EXECUTION_PARAMS
WHERE JOB_EXECUTION_ID = ?

SELECT JOB_EXECUTION_ID, PARAMETER_NAME, PARAMETER_TYPE, PARAMETER_VALUE, IDENTIFYING
FROM BATCH_JOB_EXECUTION_PARAMS
WHERE JOB_EXECUTION_ID = 43
;
2026-07-29T14:33:59.963+09:00  INFO 96162 --- [feldbuch] [  restartedMain] p6spy                                    : #1785303239963 | took 0ms | statement | connection 8| url jdbc:mysql://localhost:3306/feldbuch
SELECT JOB_EXECUTION_ID, PARAMETER_NAME, PARAMETER_TYPE, PARAMETER_VALUE, IDENTIFYING
FROM BATCH_JOB_EXECUTION_PARAMS
WHERE JOB_EXECUTION_ID = ?

SELECT JOB_EXECUTION_ID, PARAMETER_NAME, PARAMETER_TYPE, PARAMETER_VALUE, IDENTIFYING
FROM BATCH_JOB_EXECUTION_PARAMS
WHERE JOB_EXECUTION_ID = 42
;
2026-07-29T14:33:59.963+09:00  INFO 96162 --- [feldbuch] [  restartedMain] p6spy                                    : #1785303239963 | took 0ms | statement | connection 8| url jdbc:mysql://localhost:3306/feldbuch
SELECT JOB_EXECUTION_ID, PARAMETER_NAME, PARAMETER_TYPE, PARAMETER_VALUE, IDENTIFYING
FROM BATCH_JOB_EXECUTION_PARAMS
WHERE JOB_EXECUTION_ID = ?

SELECT JOB_EXECUTION_ID, PARAMETER_NAME, PARAMETER_TYPE, PARAMETER_VALUE, IDENTIFYING
FROM BATCH_JOB_EXECUTION_PARAMS
WHERE JOB_EXECUTION_ID = 41
;
2026-07-29T14:33:59.964+09:00  INFO 96162 --- [feldbuch] [  restartedMain] p6spy                                    : #1785303239964 | took 0ms | statement | connection 8| url jdbc:mysql://localhost:3306/feldbuch
SELECT JOB_EXECUTION_ID, PARAMETER_NAME, PARAMETER_TYPE, PARAMETER_VALUE, IDENTIFYING
FROM BATCH_JOB_EXECUTION_PARAMS
WHERE JOB_EXECUTION_ID = ?

SELECT JOB_EXECUTION_ID, PARAMETER_NAME, PARAMETER_TYPE, PARAMETER_VALUE, IDENTIFYING
FROM BATCH_JOB_EXECUTION_PARAMS
WHERE JOB_EXECUTION_ID = 40
;
2026-07-29T14:33:59.965+09:00  INFO 96162 --- [feldbuch] [  restartedMain] p6spy                                    : #1785303239965 | took 0ms | statement | connection 8| url jdbc:mysql://localhost:3306/feldbuch
SELECT JOB_EXECUTION_ID, PARAMETER_NAME, PARAMETER_TYPE, PARAMETER_VALUE, IDENTIFYING
FROM BATCH_JOB_EXECUTION_PARAMS
WHERE JOB_EXECUTION_ID = ?

SELECT JOB_EXECUTION_ID, PARAMETER_NAME, PARAMETER_TYPE, PARAMETER_VALUE, IDENTIFYING
FROM BATCH_JOB_EXECUTION_PARAMS
WHERE JOB_EXECUTION_ID = 39
;
2026-07-29T14:33:59.965+09:00  INFO 96162 --- [feldbuch] [  restartedMain] p6spy                                    : #1785303239965 | took 0ms | statement | connection 8| url jdbc:mysql://localhost:3306/feldbuch
SELECT JOB_EXECUTION_ID, PARAMETER_NAME, PARAMETER_TYPE, PARAMETER_VALUE, IDENTIFYING
FROM BATCH_JOB_EXECUTION_PARAMS
WHERE JOB_EXECUTION_ID = ?

SELECT JOB_EXECUTION_ID, PARAMETER_NAME, PARAMETER_TYPE, PARAMETER_VALUE, IDENTIFYING
FROM BATCH_JOB_EXECUTION_PARAMS
WHERE JOB_EXECUTION_ID = 38
;
2026-07-29T14:33:59.965+09:00  INFO 96162 --- [feldbuch] [  restartedMain] p6spy                                    : #1785303239965 | took 0ms | statement | connection 8| url jdbc:mysql://localhost:3306/feldbuch
SELECT JOB_EXECUTION_ID, PARAMETER_NAME, PARAMETER_TYPE, PARAMETER_VALUE, IDENTIFYING
FROM BATCH_JOB_EXECUTION_PARAMS
WHERE JOB_EXECUTION_ID = ?

SELECT JOB_EXECUTION_ID, PARAMETER_NAME, PARAMETER_TYPE, PARAMETER_VALUE, IDENTIFYING
FROM BATCH_JOB_EXECUTION_PARAMS
WHERE JOB_EXECUTION_ID = 37
;
2026-07-29T14:33:59.966+09:00  INFO 96162 --- [feldbuch] [  restartedMain] p6spy                                    : #1785303239966 | took 0ms | statement | connection 8| url jdbc:mysql://localhost:3306/feldbuch
SELECT JOB_EXECUTION_ID, PARAMETER_NAME, PARAMETER_TYPE, PARAMETER_VALUE, IDENTIFYING
FROM BATCH_JOB_EXECUTION_PARAMS
WHERE JOB_EXECUTION_ID = ?

SELECT JOB_EXECUTION_ID, PARAMETER_NAME, PARAMETER_TYPE, PARAMETER_VALUE, IDENTIFYING
FROM BATCH_JOB_EXECUTION_PARAMS
WHERE JOB_EXECUTION_ID = 36
;
2026-07-29T14:33:59.966+09:00  INFO 96162 --- [feldbuch] [  restartedMain] p6spy                                    : #1785303239966 | took 0ms | statement | connection 8| url jdbc:mysql://localhost:3306/feldbuch
SELECT JOB_EXECUTION_ID, PARAMETER_NAME, PARAMETER_TYPE, PARAMETER_VALUE, IDENTIFYING
FROM BATCH_JOB_EXECUTION_PARAMS
WHERE JOB_EXECUTION_ID = ?

SELECT JOB_EXECUTION_ID, PARAMETER_NAME, PARAMETER_TYPE, PARAMETER_VALUE, IDENTIFYING
FROM BATCH_JOB_EXECUTION_PARAMS
WHERE JOB_EXECUTION_ID = 35
;
2026-07-29T14:33:59.967+09:00  INFO 96162 --- [feldbuch] [  restartedMain] p6spy                                    : #1785303239967 | took 0ms | statement | connection 8| url jdbc:mysql://localhost:3306/feldbuch
SELECT JOB_EXECUTION_ID, PARAMETER_NAME, PARAMETER_TYPE, PARAMETER_VALUE, IDENTIFYING
FROM BATCH_JOB_EXECUTION_PARAMS
WHERE JOB_EXECUTION_ID = ?

SELECT JOB_EXECUTION_ID, PARAMETER_NAME, PARAMETER_TYPE, PARAMETER_VALUE, IDENTIFYING
FROM BATCH_JOB_EXECUTION_PARAMS
WHERE JOB_EXECUTION_ID = 34
;
2026-07-29T14:33:59.967+09:00  INFO 96162 --- [feldbuch] [  restartedMain] p6spy                                    : #1785303239967 | took 0ms | statement | connection 8| url jdbc:mysql://localhost:3306/feldbuch
SELECT JOB_EXECUTION_ID, PARAMETER_NAME, PARAMETER_TYPE, PARAMETER_VALUE, IDENTIFYING
FROM BATCH_JOB_EXECUTION_PARAMS
WHERE JOB_EXECUTION_ID = ?

SELECT JOB_EXECUTION_ID, PARAMETER_NAME, PARAMETER_TYPE, PARAMETER_VALUE, IDENTIFYING
FROM BATCH_JOB_EXECUTION_PARAMS
WHERE JOB_EXECUTION_ID = 33
;
2026-07-29T14:33:59.967+09:00  INFO 96162 --- [feldbuch] [  restartedMain] p6spy                                    : #1785303239967 | took 0ms | statement | connection 8| url jdbc:mysql://localhost:3306/feldbuch
SELECT JOB_EXECUTION_ID, PARAMETER_NAME, PARAMETER_TYPE, PARAMETER_VALUE, IDENTIFYING
FROM BATCH_JOB_EXECUTION_PARAMS
WHERE JOB_EXECUTION_ID = ?

SELECT JOB_EXECUTION_ID, PARAMETER_NAME, PARAMETER_TYPE, PARAMETER_VALUE, IDENTIFYING
FROM BATCH_JOB_EXECUTION_PARAMS
WHERE JOB_EXECUTION_ID = 32
;
2026-07-29T14:33:59.968+09:00  INFO 96162 --- [feldbuch] [  restartedMain] p6spy                                    : #1785303239968 | took 0ms | statement | connection 8| url jdbc:mysql://localhost:3306/feldbuch
SELECT JOB_EXECUTION_ID, PARAMETER_NAME, PARAMETER_TYPE, PARAMETER_VALUE, IDENTIFYING
FROM BATCH_JOB_EXECUTION_PARAMS
WHERE JOB_EXECUTION_ID = ?

SELECT JOB_EXECUTION_ID, PARAMETER_NAME, PARAMETER_TYPE, PARAMETER_VALUE, IDENTIFYING
FROM BATCH_JOB_EXECUTION_PARAMS
WHERE JOB_EXECUTION_ID = 31
;
2026-07-29T14:33:59.969+09:00  INFO 96162 --- [feldbuch] [  restartedMain] p6spy                                    : #1785303239969 | took 0ms | statement | connection 8| url jdbc:mysql://localhost:3306/feldbuch
SELECT JOB_EXECUTION_ID, PARAMETER_NAME, PARAMETER_TYPE, PARAMETER_VALUE, IDENTIFYING
FROM BATCH_JOB_EXECUTION_PARAMS
WHERE JOB_EXECUTION_ID = ?

SELECT JOB_EXECUTION_ID, PARAMETER_NAME, PARAMETER_TYPE, PARAMETER_VALUE, IDENTIFYING
FROM BATCH_JOB_EXECUTION_PARAMS
WHERE JOB_EXECUTION_ID = 30
;
2026-07-29T14:33:59.969+09:00  INFO 96162 --- [feldbuch] [  restartedMain] p6spy                                    : #1785303239969 | took 0ms | statement | connection 8| url jdbc:mysql://localhost:3306/feldbuch
SELECT JOB_EXECUTION_ID, PARAMETER_NAME, PARAMETER_TYPE, PARAMETER_VALUE, IDENTIFYING
FROM BATCH_JOB_EXECUTION_PARAMS
WHERE JOB_EXECUTION_ID = ?

SELECT JOB_EXECUTION_ID, PARAMETER_NAME, PARAMETER_TYPE, PARAMETER_VALUE, IDENTIFYING
FROM BATCH_JOB_EXECUTION_PARAMS
WHERE JOB_EXECUTION_ID = 29
;
2026-07-29T14:33:59.970+09:00  INFO 96162 --- [feldbuch] [  restartedMain] p6spy                                    : #1785303239970 | took 0ms | statement | connection 8| url jdbc:mysql://localhost:3306/feldbuch
SELECT JOB_EXECUTION_ID, PARAMETER_NAME, PARAMETER_TYPE, PARAMETER_VALUE, IDENTIFYING
FROM BATCH_JOB_EXECUTION_PARAMS
WHERE JOB_EXECUTION_ID = ?

SELECT JOB_EXECUTION_ID, PARAMETER_NAME, PARAMETER_TYPE, PARAMETER_VALUE, IDENTIFYING
FROM BATCH_JOB_EXECUTION_PARAMS
WHERE JOB_EXECUTION_ID = 28
;
2026-07-29T14:33:59.970+09:00  INFO 96162 --- [feldbuch] [  restartedMain] p6spy                                    : #1785303239970 | took 0ms | statement | connection 8| url jdbc:mysql://localhost:3306/feldbuch
SELECT JOB_EXECUTION_ID, PARAMETER_NAME, PARAMETER_TYPE, PARAMETER_VALUE, IDENTIFYING
FROM BATCH_JOB_EXECUTION_PARAMS
WHERE JOB_EXECUTION_ID = ?

SELECT JOB_EXECUTION_ID, PARAMETER_NAME, PARAMETER_TYPE, PARAMETER_VALUE, IDENTIFYING
FROM BATCH_JOB_EXECUTION_PARAMS
WHERE JOB_EXECUTION_ID = 27
;
2026-07-29T14:33:59.971+09:00  INFO 96162 --- [feldbuch] [  restartedMain] p6spy                                    : #1785303239971 | took 0ms | statement | connection 8| url jdbc:mysql://localhost:3306/feldbuch
SELECT JOB_EXECUTION_ID, PARAMETER_NAME, PARAMETER_TYPE, PARAMETER_VALUE, IDENTIFYING
FROM BATCH_JOB_EXECUTION_PARAMS
WHERE JOB_EXECUTION_ID = ?

SELECT JOB_EXECUTION_ID, PARAMETER_NAME, PARAMETER_TYPE, PARAMETER_VALUE, IDENTIFYING
FROM BATCH_JOB_EXECUTION_PARAMS
WHERE JOB_EXECUTION_ID = 26
;
2026-07-29T14:33:59.971+09:00  INFO 96162 --- [feldbuch] [  restartedMain] p6spy                                    : #1785303239971 | took 0ms | statement | connection 8| url jdbc:mysql://localhost:3306/feldbuch
SELECT JOB_EXECUTION_ID, PARAMETER_NAME, PARAMETER_TYPE, PARAMETER_VALUE, IDENTIFYING
FROM BATCH_JOB_EXECUTION_PARAMS
WHERE JOB_EXECUTION_ID = ?

SELECT JOB_EXECUTION_ID, PARAMETER_NAME, PARAMETER_TYPE, PARAMETER_VALUE, IDENTIFYING
FROM BATCH_JOB_EXECUTION_PARAMS
WHERE JOB_EXECUTION_ID = 25
;
2026-07-29T14:33:59.972+09:00  INFO 96162 --- [feldbuch] [  restartedMain] p6spy                                    : #1785303239972 | took 0ms | statement | connection 8| url jdbc:mysql://localhost:3306/feldbuch
SELECT JOB_EXECUTION_ID, PARAMETER_NAME, PARAMETER_TYPE, PARAMETER_VALUE, IDENTIFYING
FROM BATCH_JOB_EXECUTION_PARAMS
WHERE JOB_EXECUTION_ID = ?

SELECT JOB_EXECUTION_ID, PARAMETER_NAME, PARAMETER_TYPE, PARAMETER_VALUE, IDENTIFYING
FROM BATCH_JOB_EXECUTION_PARAMS
WHERE JOB_EXECUTION_ID = 24
;
2026-07-29T14:33:59.972+09:00  INFO 96162 --- [feldbuch] [  restartedMain] p6spy                                    : #1785303239972 | took 0ms | statement | connection 8| url jdbc:mysql://localhost:3306/feldbuch
SELECT JOB_EXECUTION_ID, PARAMETER_NAME, PARAMETER_TYPE, PARAMETER_VALUE, IDENTIFYING
FROM BATCH_JOB_EXECUTION_PARAMS
WHERE JOB_EXECUTION_ID = ?

SELECT JOB_EXECUTION_ID, PARAMETER_NAME, PARAMETER_TYPE, PARAMETER_VALUE, IDENTIFYING
FROM BATCH_JOB_EXECUTION_PARAMS
WHERE JOB_EXECUTION_ID = 23
;
2026-07-29T14:33:59.972+09:00  INFO 96162 --- [feldbuch] [  restartedMain] p6spy                                    : #1785303239972 | took 0ms | statement | connection 8| url jdbc:mysql://localhost:3306/feldbuch
SELECT JOB_EXECUTION_ID, PARAMETER_NAME, PARAMETER_TYPE, PARAMETER_VALUE, IDENTIFYING
FROM BATCH_JOB_EXECUTION_PARAMS
WHERE JOB_EXECUTION_ID = ?

SELECT JOB_EXECUTION_ID, PARAMETER_NAME, PARAMETER_TYPE, PARAMETER_VALUE, IDENTIFYING
FROM BATCH_JOB_EXECUTION_PARAMS
WHERE JOB_EXECUTION_ID = 22
;
2026-07-29T14:33:59.973+09:00  INFO 96162 --- [feldbuch] [  restartedMain] p6spy                                    : #1785303239973 | took 0ms | statement | connection 8| url jdbc:mysql://localhost:3306/feldbuch
SELECT JOB_EXECUTION_ID, PARAMETER_NAME, PARAMETER_TYPE, PARAMETER_VALUE, IDENTIFYING
FROM BATCH_JOB_EXECUTION_PARAMS
WHERE JOB_EXECUTION_ID = ?

SELECT JOB_EXECUTION_ID, PARAMETER_NAME, PARAMETER_TYPE, PARAMETER_VALUE, IDENTIFYING
FROM BATCH_JOB_EXECUTION_PARAMS
WHERE JOB_EXECUTION_ID = 21
;
2026-07-29T14:33:59.973+09:00  INFO 96162 --- [feldbuch] [  restartedMain] p6spy                                    : #1785303239973 | took 0ms | statement | connection 8| url jdbc:mysql://localhost:3306/feldbuch
SELECT JOB_EXECUTION_ID, PARAMETER_NAME, PARAMETER_TYPE, PARAMETER_VALUE, IDENTIFYING
FROM BATCH_JOB_EXECUTION_PARAMS
WHERE JOB_EXECUTION_ID = ?

SELECT JOB_EXECUTION_ID, PARAMETER_NAME, PARAMETER_TYPE, PARAMETER_VALUE, IDENTIFYING
FROM BATCH_JOB_EXECUTION_PARAMS
WHERE JOB_EXECUTION_ID = 20
;
2026-07-29T14:33:59.974+09:00  INFO 96162 --- [feldbuch] [  restartedMain] p6spy                                    : #1785303239974 | took 0ms | statement | connection 8| url jdbc:mysql://localhost:3306/feldbuch
SELECT JOB_EXECUTION_ID, PARAMETER_NAME, PARAMETER_TYPE, PARAMETER_VALUE, IDENTIFYING
FROM BATCH_JOB_EXECUTION_PARAMS
WHERE JOB_EXECUTION_ID = ?

SELECT JOB_EXECUTION_ID, PARAMETER_NAME, PARAMETER_TYPE, PARAMETER_VALUE, IDENTIFYING
FROM BATCH_JOB_EXECUTION_PARAMS
WHERE JOB_EXECUTION_ID = 19
;
2026-07-29T14:33:59.975+09:00  INFO 96162 --- [feldbuch] [  restartedMain] p6spy                                    : #1785303239975 | took 0ms | statement | connection 8| url jdbc:mysql://localhost:3306/feldbuch
SELECT JOB_EXECUTION_ID, PARAMETER_NAME, PARAMETER_TYPE, PARAMETER_VALUE, IDENTIFYING
FROM BATCH_JOB_EXECUTION_PARAMS
WHERE JOB_EXECUTION_ID = ?

SELECT JOB_EXECUTION_ID, PARAMETER_NAME, PARAMETER_TYPE, PARAMETER_VALUE, IDENTIFYING
FROM BATCH_JOB_EXECUTION_PARAMS
WHERE JOB_EXECUTION_ID = 18
;
2026-07-29T14:33:59.975+09:00  INFO 96162 --- [feldbuch] [  restartedMain] p6spy                                    : #1785303239975 | took 0ms | statement | connection 8| url jdbc:mysql://localhost:3306/feldbuch
SELECT JOB_EXECUTION_ID, PARAMETER_NAME, PARAMETER_TYPE, PARAMETER_VALUE, IDENTIFYING
FROM BATCH_JOB_EXECUTION_PARAMS
WHERE JOB_EXECUTION_ID = ?

SELECT JOB_EXECUTION_ID, PARAMETER_NAME, PARAMETER_TYPE, PARAMETER_VALUE, IDENTIFYING
FROM BATCH_JOB_EXECUTION_PARAMS
WHERE JOB_EXECUTION_ID = 17
;
2026-07-29T14:33:59.975+09:00  INFO 96162 --- [feldbuch] [  restartedMain] p6spy                                    : #1785303239975 | took 0ms | statement | connection 8| url jdbc:mysql://localhost:3306/feldbuch
SELECT JOB_EXECUTION_ID, PARAMETER_NAME, PARAMETER_TYPE, PARAMETER_VALUE, IDENTIFYING
FROM BATCH_JOB_EXECUTION_PARAMS
WHERE JOB_EXECUTION_ID = ?

SELECT JOB_EXECUTION_ID, PARAMETER_NAME, PARAMETER_TYPE, PARAMETER_VALUE, IDENTIFYING
FROM BATCH_JOB_EXECUTION_PARAMS
WHERE JOB_EXECUTION_ID = 16
;
2026-07-29T14:33:59.976+09:00  INFO 96162 --- [feldbuch] [  restartedMain] p6spy                                    : #1785303239976 | took 0ms | statement | connection 8| url jdbc:mysql://localhost:3306/feldbuch
SELECT JOB_EXECUTION_ID, PARAMETER_NAME, PARAMETER_TYPE, PARAMETER_VALUE, IDENTIFYING
FROM BATCH_JOB_EXECUTION_PARAMS
WHERE JOB_EXECUTION_ID = ?

SELECT JOB_EXECUTION_ID, PARAMETER_NAME, PARAMETER_TYPE, PARAMETER_VALUE, IDENTIFYING
FROM BATCH_JOB_EXECUTION_PARAMS
WHERE JOB_EXECUTION_ID = 15
;
2026-07-29T14:33:59.976+09:00  INFO 96162 --- [feldbuch] [  restartedMain] p6spy                                    : #1785303239976 | took 0ms | statement | connection 8| url jdbc:mysql://localhost:3306/feldbuch
SELECT JOB_EXECUTION_ID, PARAMETER_NAME, PARAMETER_TYPE, PARAMETER_VALUE, IDENTIFYING
FROM BATCH_JOB_EXECUTION_PARAMS
WHERE JOB_EXECUTION_ID = ?

SELECT JOB_EXECUTION_ID, PARAMETER_NAME, PARAMETER_TYPE, PARAMETER_VALUE, IDENTIFYING
FROM BATCH_JOB_EXECUTION_PARAMS
WHERE JOB_EXECUTION_ID = 14
;
2026-07-29T14:33:59.976+09:00  INFO 96162 --- [feldbuch] [  restartedMain] p6spy                                    : #1785303239976 | took 0ms | statement | connection 8| url jdbc:mysql://localhost:3306/feldbuch
SELECT JOB_EXECUTION_ID, PARAMETER_NAME, PARAMETER_TYPE, PARAMETER_VALUE, IDENTIFYING
FROM BATCH_JOB_EXECUTION_PARAMS
WHERE JOB_EXECUTION_ID = ?

SELECT JOB_EXECUTION_ID, PARAMETER_NAME, PARAMETER_TYPE, PARAMETER_VALUE, IDENTIFYING
FROM BATCH_JOB_EXECUTION_PARAMS
WHERE JOB_EXECUTION_ID = 13
;
2026-07-29T14:33:59.977+09:00  INFO 96162 --- [feldbuch] [  restartedMain] p6spy                                    : #1785303239977 | took 0ms | statement | connection 8| url jdbc:mysql://localhost:3306/feldbuch
SELECT JOB_EXECUTION_ID, PARAMETER_NAME, PARAMETER_TYPE, PARAMETER_VALUE, IDENTIFYING
FROM BATCH_JOB_EXECUTION_PARAMS
WHERE JOB_EXECUTION_ID = ?

SELECT JOB_EXECUTION_ID, PARAMETER_NAME, PARAMETER_TYPE, PARAMETER_VALUE, IDENTIFYING
FROM BATCH_JOB_EXECUTION_PARAMS
WHERE JOB_EXECUTION_ID = 12
;
2026-07-29T14:33:59.977+09:00  INFO 96162 --- [feldbuch] [  restartedMain] p6spy                                    : #1785303239977 | took 0ms | statement | connection 8| url jdbc:mysql://localhost:3306/feldbuch
SELECT JOB_EXECUTION_ID, PARAMETER_NAME, PARAMETER_TYPE, PARAMETER_VALUE, IDENTIFYING
FROM BATCH_JOB_EXECUTION_PARAMS
WHERE JOB_EXECUTION_ID = ?

SELECT JOB_EXECUTION_ID, PARAMETER_NAME, PARAMETER_TYPE, PARAMETER_VALUE, IDENTIFYING
FROM BATCH_JOB_EXECUTION_PARAMS
WHERE JOB_EXECUTION_ID = 11
;
2026-07-29T14:33:59.978+09:00  INFO 96162 --- [feldbuch] [  restartedMain] p6spy                                    : #1785303239978 | took 0ms | statement | connection 8| url jdbc:mysql://localhost:3306/feldbuch
SELECT JOB_EXECUTION_ID, PARAMETER_NAME, PARAMETER_TYPE, PARAMETER_VALUE, IDENTIFYING
FROM BATCH_JOB_EXECUTION_PARAMS
WHERE JOB_EXECUTION_ID = ?

SELECT JOB_EXECUTION_ID, PARAMETER_NAME, PARAMETER_TYPE, PARAMETER_VALUE, IDENTIFYING
FROM BATCH_JOB_EXECUTION_PARAMS
WHERE JOB_EXECUTION_ID = 10
;
2026-07-29T14:33:59.978+09:00  INFO 96162 --- [feldbuch] [  restartedMain] p6spy                                    : #1785303239978 | took 0ms | statement | connection 8| url jdbc:mysql://localhost:3306/feldbuch
SELECT JOB_EXECUTION_ID, PARAMETER_NAME, PARAMETER_TYPE, PARAMETER_VALUE, IDENTIFYING
FROM BATCH_JOB_EXECUTION_PARAMS
WHERE JOB_EXECUTION_ID = ?

SELECT JOB_EXECUTION_ID, PARAMETER_NAME, PARAMETER_TYPE, PARAMETER_VALUE, IDENTIFYING
FROM BATCH_JOB_EXECUTION_PARAMS
WHERE JOB_EXECUTION_ID = 9
;
2026-07-29T14:33:59.978+09:00  INFO 96162 --- [feldbuch] [  restartedMain] p6spy                                    : #1785303239978 | took 0ms | statement | connection 8| url jdbc:mysql://localhost:3306/feldbuch
SELECT JOB_EXECUTION_ID, PARAMETER_NAME, PARAMETER_TYPE, PARAMETER_VALUE, IDENTIFYING
FROM BATCH_JOB_EXECUTION_PARAMS
WHERE JOB_EXECUTION_ID = ?

SELECT JOB_EXECUTION_ID, PARAMETER_NAME, PARAMETER_TYPE, PARAMETER_VALUE, IDENTIFYING
FROM BATCH_JOB_EXECUTION_PARAMS
WHERE JOB_EXECUTION_ID = 8
;
2026-07-29T14:33:59.979+09:00  INFO 96162 --- [feldbuch] [  restartedMain] p6spy                                    : #1785303239979 | took 0ms | statement | connection 8| url jdbc:mysql://localhost:3306/feldbuch
SELECT JOB_EXECUTION_ID, PARAMETER_NAME, PARAMETER_TYPE, PARAMETER_VALUE, IDENTIFYING
FROM BATCH_JOB_EXECUTION_PARAMS
WHERE JOB_EXECUTION_ID = ?

SELECT JOB_EXECUTION_ID, PARAMETER_NAME, PARAMETER_TYPE, PARAMETER_VALUE, IDENTIFYING
FROM BATCH_JOB_EXECUTION_PARAMS
WHERE JOB_EXECUTION_ID = 7
;
2026-07-29T14:33:59.979+09:00  INFO 96162 --- [feldbuch] [  restartedMain] p6spy                                    : #1785303239979 | took 0ms | statement | connection 8| url jdbc:mysql://localhost:3306/feldbuch
SELECT JOB_EXECUTION_ID, PARAMETER_NAME, PARAMETER_TYPE, PARAMETER_VALUE, IDENTIFYING
FROM BATCH_JOB_EXECUTION_PARAMS
WHERE JOB_EXECUTION_ID = ?

SELECT JOB_EXECUTION_ID, PARAMETER_NAME, PARAMETER_TYPE, PARAMETER_VALUE, IDENTIFYING
FROM BATCH_JOB_EXECUTION_PARAMS
WHERE JOB_EXECUTION_ID = 6
;
2026-07-29T14:33:59.979+09:00  INFO 96162 --- [feldbuch] [  restartedMain] p6spy                                    : #1785303239979 | took 0ms | statement | connection 8| url jdbc:mysql://localhost:3306/feldbuch
SELECT JOB_EXECUTION_ID, PARAMETER_NAME, PARAMETER_TYPE, PARAMETER_VALUE, IDENTIFYING
FROM BATCH_JOB_EXECUTION_PARAMS
WHERE JOB_EXECUTION_ID = ?

SELECT JOB_EXECUTION_ID, PARAMETER_NAME, PARAMETER_TYPE, PARAMETER_VALUE, IDENTIFYING
FROM BATCH_JOB_EXECUTION_PARAMS
WHERE JOB_EXECUTION_ID = 5
;
2026-07-29T14:33:59.980+09:00  INFO 96162 --- [feldbuch] [  restartedMain] p6spy                                    : #1785303239980 | took 0ms | statement | connection 8| url jdbc:mysql://localhost:3306/feldbuch
SELECT JOB_EXECUTION_ID, PARAMETER_NAME, PARAMETER_TYPE, PARAMETER_VALUE, IDENTIFYING
FROM BATCH_JOB_EXECUTION_PARAMS
WHERE JOB_EXECUTION_ID = ?

SELECT JOB_EXECUTION_ID, PARAMETER_NAME, PARAMETER_TYPE, PARAMETER_VALUE, IDENTIFYING
FROM BATCH_JOB_EXECUTION_PARAMS
WHERE JOB_EXECUTION_ID = 4
;
2026-07-29T14:33:59.980+09:00  INFO 96162 --- [feldbuch] [  restartedMain] p6spy                                    : #1785303239980 | took 0ms | statement | connection 8| url jdbc:mysql://localhost:3306/feldbuch
SELECT JOB_EXECUTION_ID, PARAMETER_NAME, PARAMETER_TYPE, PARAMETER_VALUE, IDENTIFYING
FROM BATCH_JOB_EXECUTION_PARAMS
WHERE JOB_EXECUTION_ID = ?

SELECT JOB_EXECUTION_ID, PARAMETER_NAME, PARAMETER_TYPE, PARAMETER_VALUE, IDENTIFYING
FROM BATCH_JOB_EXECUTION_PARAMS
WHERE JOB_EXECUTION_ID = 3
;
2026-07-29T14:33:59.981+09:00  INFO 96162 --- [feldbuch] [  restartedMain] p6spy                                    : #1785303239981 | took 0ms | statement | connection 8| url jdbc:mysql://localhost:3306/feldbuch
SELECT JOB_EXECUTION_ID, PARAMETER_NAME, PARAMETER_TYPE, PARAMETER_VALUE, IDENTIFYING
FROM BATCH_JOB_EXECUTION_PARAMS
WHERE JOB_EXECUTION_ID = ?

SELECT JOB_EXECUTION_ID, PARAMETER_NAME, PARAMETER_TYPE, PARAMETER_VALUE, IDENTIFYING
FROM BATCH_JOB_EXECUTION_PARAMS
WHERE JOB_EXECUTION_ID = 2
;
2026-07-29T14:33:59.981+09:00  INFO 96162 --- [feldbuch] [  restartedMain] p6spy                                    : #1785303239981 | took 0ms | statement | connection 8| url jdbc:mysql://localhost:3306/feldbuch
SELECT JOB_EXECUTION_ID, PARAMETER_NAME, PARAMETER_TYPE, PARAMETER_VALUE, IDENTIFYING
FROM BATCH_JOB_EXECUTION_PARAMS
WHERE JOB_EXECUTION_ID = ?

SELECT JOB_EXECUTION_ID, PARAMETER_NAME, PARAMETER_TYPE, PARAMETER_VALUE, IDENTIFYING
FROM BATCH_JOB_EXECUTION_PARAMS
WHERE JOB_EXECUTION_ID = 1
;
2026-07-29T14:33:59.982+09:00  INFO 96162 --- [feldbuch] [  restartedMain] p6spy                                    : #1785303239982 | took 0ms | statement | connection 8| url jdbc:mysql://localhost:3306/feldbuch
SELECT JOB_EXECUTION_ID, START_TIME, END_TIME, STATUS, EXIT_CODE, EXIT_MESSAGE, CREATE_TIME, LAST_UPDATED, VERSION
FROM BATCH_JOB_EXECUTION
 WHERE JOB_INSTANCE_ID = ? AND JOB_EXECUTION_ID IN (SELECT MAX(JOB_EXECUTION_ID) FROM BATCH_JOB_EXECUTION E2 WHERE E2.JOB_INSTANCE_ID = ?)
SELECT JOB_EXECUTION_ID, START_TIME, END_TIME, STATUS, EXIT_CODE, EXIT_MESSAGE, CREATE_TIME, LAST_UPDATED, VERSION
FROM BATCH_JOB_EXECUTION
 WHERE JOB_INSTANCE_ID = 1 AND JOB_EXECUTION_ID IN (SELECT MAX(JOB_EXECUTION_ID) FROM BATCH_JOB_EXECUTION E2 WHERE E2.JOB_INSTANCE_ID = 1);
2026-07-29T14:33:59.983+09:00  INFO 96162 --- [feldbuch] [  restartedMain] p6spy                                    : #1785303239983 | took 0ms | statement | connection 8| url jdbc:mysql://localhost:3306/feldbuch
SELECT JOB_EXECUTION_ID, PARAMETER_NAME, PARAMETER_TYPE, PARAMETER_VALUE, IDENTIFYING
FROM BATCH_JOB_EXECUTION_PARAMS
WHERE JOB_EXECUTION_ID = ?

SELECT JOB_EXECUTION_ID, PARAMETER_NAME, PARAMETER_TYPE, PARAMETER_VALUE, IDENTIFYING
FROM BATCH_JOB_EXECUTION_PARAMS
WHERE JOB_EXECUTION_ID = 54
;
2026-07-29T14:33:59.983+09:00  INFO 96162 --- [feldbuch] [  restartedMain] p6spy                                    : #1785303239983 | took 0ms | statement | connection 8| url jdbc:mysql://localhost:3306/feldbuch
SELECT SHORT_CONTEXT, SERIALIZED_CONTEXT
FROM BATCH_JOB_EXECUTION_CONTEXT
WHERE JOB_EXECUTION_ID = ?

SELECT SHORT_CONTEXT, SERIALIZED_CONTEXT
FROM BATCH_JOB_EXECUTION_CONTEXT
WHERE JOB_EXECUTION_ID = 54
;
2026-07-29T14:33:59.985+09:00  INFO 96162 --- [feldbuch] [  restartedMain] p6spy                                    : #1785303239985 | took 0ms | statement | connection 9| url jdbc:mysql://localhost:3306/feldbuch
update BATCH_JOB_EXECUTION_SEQ set ID = last_insert_id(ID + 1) limit 1
update BATCH_JOB_EXECUTION_SEQ set ID = last_insert_id(ID + 1) limit 1;
2026-07-29T14:33:59.985+09:00  INFO 96162 --- [feldbuch] [  restartedMain] p6spy                                    : #1785303239985 | took 0ms | statement | connection 9| url jdbc:mysql://localhost:3306/feldbuch
select last_insert_id()
select last_insert_id();
2026-07-29T14:33:59.986+09:00  INFO 96162 --- [feldbuch] [  restartedMain] p6spy                                    : #1785303239986 | took 1ms | commit | connection 9| url jdbc:mysql://localhost:3306/feldbuch

;
2026-07-29T14:33:59.988+09:00  INFO 96162 --- [feldbuch] [  restartedMain] p6spy                                    : #1785303239988 | took 0ms | statement | connection 8| url jdbc:mysql://localhost:3306/feldbuch
INSERT INTO BATCH_JOB_EXECUTION(JOB_EXECUTION_ID, JOB_INSTANCE_ID, START_TIME, END_TIME, STATUS, EXIT_CODE, EXIT_MESSAGE, VERSION, CREATE_TIME, LAST_UPDATED)
	VALUES (?, ?, ?, ?, ?, ?, ?, ?, ?, ?)

INSERT INTO BATCH_JOB_EXECUTION(JOB_EXECUTION_ID, JOB_INSTANCE_ID, START_TIME, END_TIME, STATUS, EXIT_CODE, EXIT_MESSAGE, VERSION, CREATE_TIME, LAST_UPDATED)
	VALUES (55, 1, NULL, NULL, 'STARTING', 'UNKNOWN', '', 0, '2026-07-29T14:33:59.983+0900', '2026-07-29T14:33:59.983+0900')
;
2026-07-29T14:33:59.989+09:00  INFO 96162 --- [feldbuch] [  restartedMain] p6spy                                    : #1785303239989 | took 0ms | statement | connection 8| url jdbc:mysql://localhost:3306/feldbuch
INSERT INTO BATCH_JOB_EXECUTION_CONTEXT (SHORT_CONTEXT, SERIALIZED_CONTEXT, JOB_EXECUTION_ID)
	VALUES(?, ?, ?)

INSERT INTO BATCH_JOB_EXECUTION_CONTEXT (SHORT_CONTEXT, SERIALIZED_CONTEXT, JOB_EXECUTION_ID)
	VALUES('rO0ABXNyABFqYXZhLnV0aWwuSGFzaE1hcAUH2sHDFmDRAwACRgAKbG9hZEZhY3RvckkACXRocmVzaG9sZHhwP0AAAAAAAAx3CAAAABAAAAABdAANYmF0Y2gudmVyc2lvbnQABTUuMi42eA==', NULL, 55)
;
2026-07-29T14:33:59.990+09:00  INFO 96162 --- [feldbuch] [  restartedMain] p6spy                                    : #1785303239990 | took 0ms | commit | connection 8| url jdbc:mysql://localhost:3306/feldbuch

;
2026-07-29T14:33:59.991+09:00  INFO 96162 --- [feldbuch] [  restartedMain] o.s.b.c.l.s.TaskExecutorJobLauncher      : Job: [SimpleJob: [name=summaryJob]] launched with the following parameters: [{}]
2026-07-29T14:33:59.996+09:00  INFO 96162 --- [feldbuch] [  restartedMain] p6spy                                    : #1785303239996 | took 0ms | statement | connection 10| url jdbc:mysql://localhost:3306/feldbuch
SELECT VERSION
FROM BATCH_JOB_EXECUTION
WHERE JOB_EXECUTION_ID=?

SELECT VERSION
FROM BATCH_JOB_EXECUTION
WHERE JOB_EXECUTION_ID=55
;
2026-07-29T14:33:59.997+09:00  INFO 96162 --- [feldbuch] [  restartedMain] p6spy                                    : #1785303239997 | took 0ms | statement | connection 10| url jdbc:mysql://localhost:3306/feldbuch
SELECT COUNT(*)
FROM BATCH_JOB_EXECUTION
WHERE JOB_EXECUTION_ID = ?

SELECT COUNT(*)
FROM BATCH_JOB_EXECUTION
WHERE JOB_EXECUTION_ID = 55
;
2026-07-29T14:33:59.998+09:00  INFO 96162 --- [feldbuch] [  restartedMain] p6spy                                    : #1785303239998 | took 0ms | statement | connection 10| url jdbc:mysql://localhost:3306/feldbuch
UPDATE BATCH_JOB_EXECUTION
SET START_TIME = ?, END_TIME = ?,  STATUS = ?, EXIT_CODE = ?, EXIT_MESSAGE = ?, VERSION = VERSION + 1, CREATE_TIME = ?, LAST_UPDATED = ?
WHERE JOB_EXECUTION_ID = ? AND VERSION = ?

UPDATE BATCH_JOB_EXECUTION
SET START_TIME = '2026-07-29T14:33:59.995+0900', END_TIME = NULL,  STATUS = 'STARTED', EXIT_CODE = 'UNKNOWN', EXIT_MESSAGE = '', VERSION = VERSION + 1, CREATE_TIME = '2026-07-29T14:33:59.983+0900', LAST_UPDATED = '2026-07-29T14:33:59.995+0900'
WHERE JOB_EXECUTION_ID = 55 AND VERSION = 0
;
2026-07-29T14:33:59.998+09:00  INFO 96162 --- [feldbuch] [  restartedMain] p6spy                                    : #1785303239998 | took 0ms | commit | connection 10| url jdbc:mysql://localhost:3306/feldbuch

;
2026-07-29T14:34:00.000+09:00  INFO 96162 --- [feldbuch] [  restartedMain] p6spy                                    : #1785303240000 | took 0ms | statement | connection 11| url jdbc:mysql://localhost:3306/feldbuch
SELECT SE.STEP_EXECUTION_ID, SE.STEP_NAME, SE.START_TIME, SE.END_TIME, SE.STATUS, SE.COMMIT_COUNT, SE.READ_COUNT, SE.FILTER_COUNT, SE.WRITE_COUNT, SE.EXIT_CODE, SE.EXIT_MESSAGE, SE.READ_SKIP_COUNT, SE.WRITE_SKIP_COUNT, SE.PROCESS_SKIP_COUNT, SE.ROLLBACK_COUNT, SE.LAST_UPDATED, SE.VERSION, SE.CREATE_TIME, JE.JOB_EXECUTION_ID, JE.START_TIME, JE.END_TIME, JE.STATUS, JE.EXIT_CODE, JE.EXIT_MESSAGE, JE.CREATE_TIME, JE.LAST_UPDATED, JE.VERSION
FROM BATCH_JOB_EXECUTION JE
	JOIN BATCH_STEP_EXECUTION SE ON SE.JOB_EXECUTION_ID = JE.JOB_EXECUTION_ID
WHERE JE.JOB_INSTANCE_ID = ? AND SE.STEP_NAME = ?

SELECT SE.STEP_EXECUTION_ID, SE.STEP_NAME, SE.START_TIME, SE.END_TIME, SE.STATUS, SE.COMMIT_COUNT, SE.READ_COUNT, SE.FILTER_COUNT, SE.WRITE_COUNT, SE.EXIT_CODE, SE.EXIT_MESSAGE, SE.READ_SKIP_COUNT, SE.WRITE_SKIP_COUNT, SE.PROCESS_SKIP_COUNT, SE.ROLLBACK_COUNT, SE.LAST_UPDATED, SE.VERSION, SE.CREATE_TIME, JE.JOB_EXECUTION_ID, JE.START_TIME, JE.END_TIME, JE.STATUS, JE.EXIT_CODE, JE.EXIT_MESSAGE, JE.CREATE_TIME, JE.LAST_UPDATED, JE.VERSION
FROM BATCH_JOB_EXECUTION JE
	JOIN BATCH_STEP_EXECUTION SE ON SE.JOB_EXECUTION_ID = JE.JOB_EXECUTION_ID
WHERE JE.JOB_INSTANCE_ID = 1 AND SE.STEP_NAME = 'summaryStep'
;
2026-07-29T14:34:00.000+09:00  INFO 96162 --- [feldbuch] [  restartedMain] p6spy                                    : #1785303240000 | took 0ms | statement | connection 11| url jdbc:mysql://localhost:3306/feldbuch
SELECT SHORT_CONTEXT, SERIALIZED_CONTEXT
FROM BATCH_STEP_EXECUTION_CONTEXT
WHERE STEP_EXECUTION_ID = ?

SELECT SHORT_CONTEXT, SERIALIZED_CONTEXT
FROM BATCH_STEP_EXECUTION_CONTEXT
WHERE STEP_EXECUTION_ID = 1
;
2026-07-29T14:34:00.001+09:00  INFO 96162 --- [feldbuch] [  restartedMain] p6spy                                    : #1785303240001 | took 0ms | statement | connection 11| url jdbc:mysql://localhost:3306/feldbuch
SELECT SHORT_CONTEXT, SERIALIZED_CONTEXT
FROM BATCH_JOB_EXECUTION_CONTEXT
WHERE JOB_EXECUTION_ID = ?

SELECT SHORT_CONTEXT, SERIALIZED_CONTEXT
FROM BATCH_JOB_EXECUTION_CONTEXT
WHERE JOB_EXECUTION_ID = 1
;
2026-07-29T14:34:00.001+09:00  INFO 96162 --- [feldbuch] [  restartedMain] p6spy                                    : #1785303240001 | took 0ms | commit | connection 11| url jdbc:mysql://localhost:3306/feldbuch

;
2026-07-29T14:34:00.001+09:00  INFO 96162 --- [feldbuch] [  restartedMain] o.s.batch.core.job.SimpleStepHandler     : Step already complete or not restartable, so no action to execute: StepExecution: id=1, version=3, name=summaryStep, status=COMPLETED, exitStatus=COMPLETED, readCount=0, filterCount=0, writeCount=0, readSkipCount=0, writeSkipCount=0, processSkipCount=0, commitCount=1, rollbackCount=0, exitDescription=
2026-07-29T14:34:00.002+09:00  INFO 96162 --- [feldbuch] [  restartedMain] p6spy                                    : #1785303240002 | took 0ms | statement | connection 12| url jdbc:mysql://localhost:3306/feldbuch
SELECT VERSION
FROM BATCH_JOB_EXECUTION
WHERE JOB_EXECUTION_ID=?

SELECT VERSION
FROM BATCH_JOB_EXECUTION
WHERE JOB_EXECUTION_ID=55
;
2026-07-29T14:34:00.003+09:00  INFO 96162 --- [feldbuch] [  restartedMain] p6spy                                    : #1785303240003 | took 0ms | statement | connection 12| url jdbc:mysql://localhost:3306/feldbuch
SELECT COUNT(*)
FROM BATCH_JOB_EXECUTION
WHERE JOB_EXECUTION_ID = ?

SELECT COUNT(*)
FROM BATCH_JOB_EXECUTION
WHERE JOB_EXECUTION_ID = 55
;
2026-07-29T14:34:00.004+09:00  INFO 96162 --- [feldbuch] [  restartedMain] p6spy                                    : #1785303240004 | took 0ms | statement | connection 12| url jdbc:mysql://localhost:3306/feldbuch
UPDATE BATCH_JOB_EXECUTION
SET START_TIME = ?, END_TIME = ?,  STATUS = ?, EXIT_CODE = ?, EXIT_MESSAGE = ?, VERSION = VERSION + 1, CREATE_TIME = ?, LAST_UPDATED = ?
WHERE JOB_EXECUTION_ID = ? AND VERSION = ?

UPDATE BATCH_JOB_EXECUTION
SET START_TIME = '2026-07-29T14:33:59.995+0900', END_TIME = '2026-07-29T14:34:00.002+0900',  STATUS = 'COMPLETED', EXIT_CODE = 'NOOP', EXIT_MESSAGE = 'All steps already completed or no steps configured for this job.', VERSION = VERSION + 1, CREATE_TIME = '2026-07-29T14:33:59.983+0900', LAST_UPDATED = '2026-07-29T14:34:00.002+0900'
WHERE JOB_EXECUTION_ID = 55 AND VERSION = 1
;
2026-07-29T14:34:00.005+09:00  INFO 96162 --- [feldbuch] [  restartedMain] p6spy                                    : #1785303240005 | took 1ms | commit | connection 12| url jdbc:mysql://localhost:3306/feldbuch

;
2026-07-29T14:34:00.005+09:00  INFO 96162 --- [feldbuch] [  restartedMain] o.s.b.c.l.s.TaskExecutorJobLauncher      : Job: [SimpleJob: [name=summaryJob]] completed with the following parameters: [{}] and the following status: [COMPLETED] in 7ms
==============================
eyJhbGciOiJIUzUxMiJ9.eyJzdWIiOiIxIiwiZW1haWwiOiJ0ZXN0QHRlc3QuY29tIiwicm9sZSI6IlVTRVIiLCJpYXQiOjE3ODUzMDMyNDAsImV4cCI6MTc4NTMwNTA0MH0.IbeM9b8mNgcesgG7GkRe5y1pB42OLLgxQQP2ONO_vcLdh2SiqZ49TclYt84EFAhQ_9S8o_PVzVG-bibX1gg55Q
1
test@test.com
USER
==============================
2026-07-29T14:34:59.856+09:00  INFO 96162 --- [feldbuch] [nio-8080-exec-1] o.a.c.c.C.[Tomcat].[localhost].[/]       : Initializing Spring DispatcherServlet 'dispatcherServlet'
2026-07-29T14:34:59.856+09:00  INFO 96162 --- [feldbuch] [nio-8080-exec-1] o.s.web.servlet.DispatcherServlet        : Initializing Servlet 'dispatcherServlet'
2026-07-29T14:34:59.856+09:00 DEBUG 96162 --- [feldbuch] [nio-8080-exec-1] o.s.web.servlet.DispatcherServlet        : Detected StandardServletMultipartResolver
2026-07-29T14:34:59.856+09:00 DEBUG 96162 --- [feldbuch] [nio-8080-exec-1] o.s.web.servlet.DispatcherServlet        : Detected AcceptHeaderLocaleResolver
2026-07-29T14:34:59.856+09:00 DEBUG 96162 --- [feldbuch] [nio-8080-exec-1] o.s.web.servlet.DispatcherServlet        : Detected FixedThemeResolver
2026-07-29T14:34:59.857+09:00 DEBUG 96162 --- [feldbuch] [nio-8080-exec-1] o.s.web.servlet.DispatcherServlet        : Detected org.springframework.web.servlet.view.DefaultRequestToViewNameTranslator@3e105317
2026-07-29T14:34:59.857+09:00 DEBUG 96162 --- [feldbuch] [nio-8080-exec-1] o.s.web.servlet.DispatcherServlet        : Detected org.springframework.web.servlet.support.SessionFlashMapManager@7b3edf6a
2026-07-29T14:34:59.857+09:00 DEBUG 96162 --- [feldbuch] [nio-8080-exec-1] o.s.web.servlet.DispatcherServlet        : enableLoggingRequestDetails='false': request parameters and headers will be masked to prevent unsafe logging of potentially sensitive data
2026-07-29T14:34:59.857+09:00  INFO 96162 --- [feldbuch] [nio-8080-exec-1] o.s.web.servlet.DispatcherServlet        : Completed initialization in 1 ms
2026-07-29T14:34:59.864+09:00 DEBUG 96162 --- [feldbuch] [nio-8080-exec-1] o.s.security.web.FilterChainProxy        : Securing OPTIONS /api/conversations/13
2026-07-29T14:34:59.870+09:00 DEBUG 96162 --- [feldbuch] [nio-8080-exec-2] o.s.security.web.FilterChainProxy        : Securing GET /api/conversations/13
2026-07-29T14:34:59.884+09:00  INFO 96162 --- [feldbuch] [nio-8080-exec-2] p6spy                                    : #1785303299884 | took 0ms | statement | connection 13| url jdbc:mysql://localhost:3306/feldbuch
select u1_0.id,u1_0.created_at,u1_0.email,u1_0.nickname,u1_0.password,u1_0.role,u1_0.updated_at from users u1_0 where u1_0.id=?
select u1_0.id,u1_0.created_at,u1_0.email,u1_0.nickname,u1_0.password,u1_0.role,u1_0.updated_at from users u1_0 where u1_0.id=1;
2026-07-29T14:34:59.892+09:00  INFO 96162 --- [feldbuch] [nio-8080-exec-2] p6spy                                    : #1785303299892 | took 0ms | commit | connection 13| url jdbc:mysql://localhost:3306/feldbuch

;
2026-07-29T14:34:59.894+09:00 DEBUG 96162 --- [feldbuch] [nio-8080-exec-2] o.s.security.web.FilterChainProxy        : Secured GET /api/conversations/13
2026-07-29T14:34:59.894+09:00 DEBUG 96162 --- [feldbuch] [nio-8080-exec-2] o.s.web.servlet.DispatcherServlet        : GET "/api/conversations/13", parameters={}
2026-07-29T14:34:59.895+09:00 DEBUG 96162 --- [feldbuch] [nio-8080-exec-2] s.w.s.m.m.a.RequestMappingHandlerMapping : Mapped to io.github.kaltz.feldbuch.conversation.controller.ConversationController#findById(CustomUserDetails, Long)
2026-07-29T14:34:59.936+09:00  INFO 96162 --- [feldbuch] [nio-8080-exec-2] p6spy                                    : #1785303299936 | took 0ms | statement | connection 14| url jdbc:mysql://localhost:3306/feldbuch
select c1_0.id,c1_0.created_at,c1_0.status,c1_0.title,c1_0.updated_at,c1_0.user_id from conversations c1_0 left join users u1_0 on u1_0.id=c1_0.user_id where c1_0.id=? and u1_0.id=?
select c1_0.id,c1_0.created_at,c1_0.status,c1_0.title,c1_0.updated_at,c1_0.user_id from conversations c1_0 left join users u1_0 on u1_0.id=c1_0.user_id where c1_0.id=13 and u1_0.id=1;
2026-07-29T14:34:59.940+09:00  INFO 96162 --- [feldbuch] [nio-8080-exec-2] p6spy                                    : #1785303299940 | took 0ms | statement | connection 14| url jdbc:mysql://localhost:3306/feldbuch
select c1_0.id,c1_0.created_at,c1_0.status,c1_0.title,c1_0.updated_at,c1_0.user_id from conversations c1_0 left join users u1_0 on u1_0.id=c1_0.user_id where c1_0.id=? and u1_0.id=?
select c1_0.id,c1_0.created_at,c1_0.status,c1_0.title,c1_0.updated_at,c1_0.user_id from conversations c1_0 left join users u1_0 on u1_0.id=c1_0.user_id where c1_0.id=13 and u1_0.id=1;
2026-07-29T14:34:59.942+09:00  INFO 96162 --- [feldbuch] [nio-8080-exec-2] p6spy                                    : #1785303299942 | took 0ms | statement | connection 14| url jdbc:mysql://localhost:3306/feldbuch
select cm1_0.id,cm1_0.content,cm1_0.conversation_id,cm1_0.created_at,cm1_0.role,cm1_0.sequence,cm1_0.updated_at from conversation_messages cm1_0 join conversations c1_0 on c1_0.id=cm1_0.conversation_id where c1_0.id=? order by cm1_0.sequence
select cm1_0.id,cm1_0.content,cm1_0.conversation_id,cm1_0.created_at,cm1_0.role,cm1_0.sequence,cm1_0.updated_at from conversation_messages cm1_0 join conversations c1_0 on c1_0.id=cm1_0.conversation_id where c1_0.id=13 order by cm1_0.sequence;
2026-07-29T14:34:59.943+09:00  INFO 96162 --- [feldbuch] [nio-8080-exec-2] p6spy                                    : #1785303299943 | took 0ms | commit | connection 14| url jdbc:mysql://localhost:3306/feldbuch

;
2026-07-29T14:34:59.952+09:00 DEBUG 96162 --- [feldbuch] [nio-8080-exec-2] m.m.a.RequestResponseBodyMethodProcessor : Using 'application/json', given [application/json, text/plain, */*] and supported [application/json, application/*+json]
2026-07-29T14:34:59.954+09:00 DEBUG 96162 --- [feldbuch] [nio-8080-exec-2] m.m.a.RequestResponseBodyMethodProcessor : Writing [ApiResponse[success=true, data=ConversationDetailResponse[id=13, title=좋군여, status=ACTIVE, createdAt (truncated)...]
2026-07-29T14:34:59.960+09:00 DEBUG 96162 --- [feldbuch] [nio-8080-exec-2] o.s.web.servlet.DispatcherServlet        : Completed 200 OK
