1785389910871|0|statement|connection 207|url jdbc:h2:mem:feldbuch-test|     drop table if exists ai_job cascade |     drop table if exists ai_job cascade 
1785389910872|0|statement|connection 207|url jdbc:h2:mem:feldbuch-test|     drop table if exists conversation_messages cascade |     drop table if exists conversation_messages cascade 
1785389910872|0|statement|connection 207|url jdbc:h2:mem:feldbuch-test|     drop table if exists conversations cascade |     drop table if exists conversations cascade 
1785389910872|0|statement|connection 207|url jdbc:h2:mem:feldbuch-test|     drop table if exists notes cascade |     drop table if exists notes cascade 
1785389910872|0|statement|connection 207|url jdbc:h2:mem:feldbuch-test|     drop table if exists users cascade |     drop table if exists users cascade 
1785389910982|0|statement|connection 208|url jdbc:h2:mem:feldbuch-test|     drop table if exists ai_job cascade |     drop table if exists ai_job cascade 
1785389910983|0|statement|connection 208|url jdbc:h2:mem:feldbuch-test|     drop table if exists conversation_messages cascade |     drop table if exists conversation_messages cascade 
1785389910983|0|statement|connection 208|url jdbc:h2:mem:feldbuch-test|     drop table if exists conversations cascade |     drop table if exists conversations cascade 
1785389910983|0|statement|connection 208|url jdbc:h2:mem:feldbuch-test|     drop table if exists notes cascade |     drop table if exists notes cascade 
1785389910983|0|statement|connection 208|url jdbc:h2:mem:feldbuch-test|     drop table if exists users cascade |     drop table if exists users cascade 
1785389911092|0|statement|connection 209|url jdbc:h2:mem:feldbuch-test|     drop table if exists ai_job cascade |     drop table if exists ai_job cascade 
1785389911092|0|statement|connection 209|url jdbc:h2:mem:feldbuch-test|     drop table if exists conversation_messages cascade |     drop table if exists conversation_messages cascade 
1785389911092|0|statement|connection 209|url jdbc:h2:mem:feldbuch-test|     drop table if exists conversations cascade |     drop table if exists conversations cascade 
1785389911092|0|statement|connection 209|url jdbc:h2:mem:feldbuch-test|     drop table if exists notes cascade |     drop table if exists notes cascade 
1785389911092|0|statement|connection 209|url jdbc:h2:mem:feldbuch-test|     drop table if exists users cascade |     drop table if exists users cascade 
1785390003011|0|statement|connection 207|url jdbc:h2:mem:feldbuch-test|     drop table if exists ai_job cascade |     drop table if exists ai_job cascade 
1785390003011|0|statement|connection 207|url jdbc:h2:mem:feldbuch-test|     drop table if exists conversation_messages cascade |     drop table if exists conversation_messages cascade 
1785390003011|0|statement|connection 207|url jdbc:h2:mem:feldbuch-test|     drop table if exists conversations cascade |     drop table if exists conversations cascade 
1785390003012|0|statement|connection 207|url jdbc:h2:mem:feldbuch-test|     drop table if exists notes cascade |     drop table if exists notes cascade 
1785390003012|0|statement|connection 207|url jdbc:h2:mem:feldbuch-test|     drop table if exists users cascade |     drop table if exists users cascade 
1785390003121|0|statement|connection 208|url jdbc:h2:mem:feldbuch-test|     drop table if exists ai_job cascade |     drop table if exists ai_job cascade 
1785390003121|0|statement|connection 208|url jdbc:h2:mem:feldbuch-test|     drop table if exists conversation_messages cascade |     drop table if exists conversation_messages cascade 
1785390003121|0|statement|connection 208|url jdbc:h2:mem:feldbuch-test|     drop table if exists conversations cascade |     drop table if exists conversations cascade 
1785390003121|0|statement|connection 208|url jdbc:h2:mem:feldbuch-test|     drop table if exists notes cascade |     drop table if exists notes cascade 
1785390003121|0|statement|connection 208|url jdbc:h2:mem:feldbuch-test|     drop table if exists users cascade |     drop table if exists users cascade 
1785390003232|0|statement|connection 209|url jdbc:h2:mem:feldbuch-test|     drop table if exists ai_job cascade |     drop table if exists ai_job cascade 
1785390003232|0|statement|connection 209|url jdbc:h2:mem:feldbuch-test|     drop table if exists conversation_messages cascade |     drop table if exists conversation_messages cascade 
1785390003232|0|statement|connection 209|url jdbc:h2:mem:feldbuch-test|     drop table if exists conversations cascade |     drop table if exists conversations cascade 
1785390003232|0|statement|connection 209|url jdbc:h2:mem:feldbuch-test|     drop table if exists notes cascade |     drop table if exists notes cascade 
1785390003232|0|statement|connection 209|url jdbc:h2:mem:feldbuch-test|     drop table if exists users cascade |     drop table if exists users cascade 
1785390040936|0|statement|connection 207|url jdbc:h2:mem:feldbuch-test|     drop table if exists ai_job cascade |     drop table if exists ai_job cascade 
1785390040937|0|statement|connection 207|url jdbc:h2:mem:feldbuch-test|     drop table if exists conversation_messages cascade |     drop table if exists conversation_messages cascade 
1785390040937|0|statement|connection 207|url jdbc:h2:mem:feldbuch-test|     drop table if exists conversations cascade |     drop table if exists conversations cascade 
1785390040937|0|statement|connection 207|url jdbc:h2:mem:feldbuch-test|     drop table if exists notes cascade |     drop table if exists notes cascade 
1785390040937|0|statement|connection 207|url jdbc:h2:mem:feldbuch-test|     drop table if exists users cascade |     drop table if exists users cascade 
1785390041047|0|statement|connection 208|url jdbc:h2:mem:feldbuch-test|     drop table if exists ai_job cascade |     drop table if exists ai_job cascade 
1785390041047|0|statement|connection 208|url jdbc:h2:mem:feldbuch-test|     drop table if exists conversation_messages cascade |     drop table if exists conversation_messages cascade 
1785390041047|0|statement|connection 208|url jdbc:h2:mem:feldbuch-test|     drop table if exists conversations cascade |     drop table if exists conversations cascade 
1785390041047|0|statement|connection 208|url jdbc:h2:mem:feldbuch-test|     drop table if exists notes cascade |     drop table if exists notes cascade 
1785390041047|0|statement|connection 208|url jdbc:h2:mem:feldbuch-test|     drop table if exists users cascade |     drop table if exists users cascade 
1785390041159|0|statement|connection 209|url jdbc:h2:mem:feldbuch-test|     drop table if exists ai_job cascade |     drop table if exists ai_job cascade 
1785390041159|0|statement|connection 209|url jdbc:h2:mem:feldbuch-test|     drop table if exists conversation_messages cascade |     drop table if exists conversation_messages cascade 
1785390041159|0|statement|connection 209|url jdbc:h2:mem:feldbuch-test|     drop table if exists conversations cascade |     drop table if exists conversations cascade 
1785390041159|0|statement|connection 209|url jdbc:h2:mem:feldbuch-test|     drop table if exists notes cascade |     drop table if exists notes cascade 
1785390041159|0|statement|connection 209|url jdbc:h2:mem:feldbuch-test|     drop table if exists users cascade |     drop table if exists users cascade 
1785390643931|0|statement|connection 207|url jdbc:h2:mem:feldbuch-test|     drop table if exists ai_job cascade |     drop table if exists ai_job cascade 
1785390643932|0|statement|connection 207|url jdbc:h2:mem:feldbuch-test|     drop table if exists conversation_messages cascade |     drop table if exists conversation_messages cascade 
1785390643932|0|statement|connection 207|url jdbc:h2:mem:feldbuch-test|     drop table if exists conversations cascade |     drop table if exists conversations cascade 
1785390643933|0|statement|connection 207|url jdbc:h2:mem:feldbuch-test|     drop table if exists notes cascade |     drop table if exists notes cascade 
1785390643933|0|statement|connection 207|url jdbc:h2:mem:feldbuch-test|     drop table if exists users cascade |     drop table if exists users cascade 
1785390644042|0|statement|connection 208|url jdbc:h2:mem:feldbuch-test|     drop table if exists ai_job cascade |     drop table if exists ai_job cascade 
1785390644042|0|statement|connection 208|url jdbc:h2:mem:feldbuch-test|     drop table if exists conversation_messages cascade |     drop table if exists conversation_messages cascade 
1785390644042|0|statement|connection 208|url jdbc:h2:mem:feldbuch-test|     drop table if exists conversations cascade |     drop table if exists conversations cascade 
1785390644042|0|statement|connection 208|url jdbc:h2:mem:feldbuch-test|     drop table if exists notes cascade |     drop table if exists notes cascade 
1785390644042|0|statement|connection 208|url jdbc:h2:mem:feldbuch-test|     drop table if exists users cascade |     drop table if exists users cascade 
1785390644154|0|statement|connection 209|url jdbc:h2:mem:feldbuch-test|     drop table if exists ai_job cascade |     drop table if exists ai_job cascade 
1785390644154|0|statement|connection 209|url jdbc:h2:mem:feldbuch-test|     drop table if exists conversation_messages cascade |     drop table if exists conversation_messages cascade 
1785390644154|0|statement|connection 209|url jdbc:h2:mem:feldbuch-test|     drop table if exists conversations cascade |     drop table if exists conversations cascade 
1785390644154|0|statement|connection 209|url jdbc:h2:mem:feldbuch-test|     drop table if exists notes cascade |     drop table if exists notes cascade 
1785390644154|0|statement|connection 209|url jdbc:h2:mem:feldbuch-test|     drop table if exists users cascade |     drop table if exists users cascade 
